Product: MDK-ARM Professional 5.10
Component: ARM Compiler 5.04 update 1 (build 49)
Tool: armlink [5040049]

==============================================================================

Section Cross References

    main.o(i.camera_refresh) refers to lcd.o(i.LCD_Scan_Dir) for LCD_Scan_Dir
    main.o(i.camera_refresh) refers to lcd.o(i.LCD_WriteRAM_Prepare) for LCD_WriteRAM_Prepare
    main.o(i.camera_refresh) refers to stm32f4xx_it.o(.data) for ov_sta
    main.o(i.camera_refresh) refers to timer.o(.data) for ball_j
    main.o(i.main) refers to misc.o(i.NVIC_PriorityGroupConfig) for NVIC_PriorityGroupConfig
    main.o(i.main) refers to delay.o(i.delay_init) for delay_init
    main.o(i.main) refers to usart.o(i.uart_init) for uart_init
    main.o(i.main) refers to led.o(i.LED_Init) for LED_Init
    main.o(i.main) refers to lcd.o(i.LCD_Init) for LCD_Init
    main.o(i.main) refers to key.o(i.KEY_Init) for KEY_Init
    main.o(i.main) refers to pid.o(i.pid1_init) for pid1_init
    main.o(i.main) refers to pid.o(i.pid2_init) for pid2_init
    main.o(i.main) refers to timer.o(i.setzone_init) for setzone_init
    main.o(i.main) refers to pwm.o(i.TIM14_PWM_Init) for TIM14_PWM_Init
    main.o(i.main) refers to pwm.o(i.TIM13_PWM_Init) for TIM13_PWM_Init
    main.o(i.main) refers to motion.o(i.j_in) for j_in
    main.o(i.main) refers to motion.o(i.i_in) for i_in
    main.o(i.main) refers to delay.o(i.delay_ms) for delay_ms
    main.o(i.main) refers to lcd.o(i.LCD_ShowString) for LCD_ShowString
    main.o(i.main) refers to lcd.o(i.LCD_Fill) for LCD_Fill
    main.o(i.main) refers to ov7725.o(i.OV7725_Init) for OV7725_Init
    main.o(i.main) refers to ov7725.o(i.EXTI8_Init) for EXTI8_Init
    main.o(i.main) refers to ov7725.o(i.OV7725_Window_Set) for OV7725_Window_Set
    main.o(i.main) refers to lcd.o(i.LCD_Clear) for LCD_Clear
    main.o(i.main) refers to main.o(i.camera_refresh) for camera_refresh
    main.o(i.main) refers to timer.o(i.TIM3_Int_Init) for TIM3_Int_Init
    main.o(i.main) refers to key.o(i.KEY_Scan) for KEY_Scan
    main.o(i.main) refers to lcd.o(i.LCD_ShowxNum) for LCD_ShowxNum
    main.o(i.main) refers to lcd.o(.data) for POINT_COLOR
    main.o(i.main) refers to timer.o(.data) for function
    stm32f4xx_it.o(i.EXTI9_5_IRQHandler) refers to stm32f4xx_exti.o(i.EXTI_GetITStatus) for EXTI_GetITStatus
    stm32f4xx_it.o(i.EXTI9_5_IRQHandler) refers to stm32f4xx_exti.o(i.EXTI_ClearITPendingBit) for EXTI_ClearITPendingBit
    stm32f4xx_it.o(i.EXTI9_5_IRQHandler) refers to stm32f4xx_it.o(.data) for frame
    system_stm32f4xx.o(i.SystemCoreClockUpdate) refers to system_stm32f4xx.o(.data) for SystemCoreClock
    system_stm32f4xx.o(i.SystemInit) refers to system_stm32f4xx.o(i.SetSysClock) for SetSysClock
    led.o(i.LED_Init) refers to stm32f4xx_rcc.o(i.RCC_AHB1PeriphClockCmd) for RCC_AHB1PeriphClockCmd
    led.o(i.LED_Init) refers to stm32f4xx_gpio.o(i.GPIO_Init) for GPIO_Init
    led.o(i.LED_Init) refers to stm32f4xx_gpio.o(i.GPIO_SetBits) for GPIO_SetBits
    lcd.o(i.LCD_Clear) refers to lcd.o(i.LCD_SetCursor) for LCD_SetCursor
    lcd.o(i.LCD_Clear) refers to lcd.o(i.LCD_WriteRAM_Prepare) for LCD_WriteRAM_Prepare
    lcd.o(i.LCD_Clear) refers to lcd.o(.bss) for lcddev
    lcd.o(i.LCD_Color_Fill) refers to lcd.o(i.LCD_SetCursor) for LCD_SetCursor
    lcd.o(i.LCD_Color_Fill) refers to lcd.o(i.LCD_WriteRAM_Prepare) for LCD_WriteRAM_Prepare
    lcd.o(i.LCD_DisplayOff) refers to lcd.o(i.LCD_WR_REG) for LCD_WR_REG
    lcd.o(i.LCD_DisplayOff) refers to lcd.o(i.LCD_WriteReg) for LCD_WriteReg
    lcd.o(i.LCD_DisplayOff) refers to lcd.o(.bss) for lcddev
    lcd.o(i.LCD_DisplayOn) refers to lcd.o(i.LCD_WR_REG) for LCD_WR_REG
    lcd.o(i.LCD_DisplayOn) refers to lcd.o(i.LCD_WriteReg) for LCD_WriteReg
    lcd.o(i.LCD_DisplayOn) refers to lcd.o(.bss) for lcddev
    lcd.o(i.LCD_Display_Dir) refers to lcd.o(i.LCD_Scan_Dir) for LCD_Scan_Dir
    lcd.o(i.LCD_Display_Dir) refers to lcd.o(.bss) for lcddev
    lcd.o(i.LCD_DrawLine) refers to lcd.o(i.LCD_DrawPoint) for LCD_DrawPoint
    lcd.o(i.LCD_DrawPoint) refers to lcd.o(i.LCD_SetCursor) for LCD_SetCursor
    lcd.o(i.LCD_DrawPoint) refers to lcd.o(i.LCD_WriteRAM_Prepare) for LCD_WriteRAM_Prepare
    lcd.o(i.LCD_DrawPoint) refers to lcd.o(.data) for POINT_COLOR
    lcd.o(i.LCD_DrawRectangle) refers to lcd.o(i.LCD_DrawLine) for LCD_DrawLine
    lcd.o(i.LCD_Draw_Circle) refers to lcd.o(i.LCD_DrawPoint) for LCD_DrawPoint
    lcd.o(i.LCD_Fast_DrawPoint) refers to lcd.o(i.LCD_WR_REG) for LCD_WR_REG
    lcd.o(i.LCD_Fast_DrawPoint) refers to lcd.o(i.LCD_WR_DATA) for LCD_WR_DATA
    lcd.o(i.LCD_Fast_DrawPoint) refers to lcd.o(i.LCD_WriteReg) for LCD_WriteReg
    lcd.o(i.LCD_Fast_DrawPoint) refers to lcd.o(.bss) for lcddev
    lcd.o(i.LCD_Fill) refers to lcd.o(i.LCD_SetCursor) for LCD_SetCursor
    lcd.o(i.LCD_Fill) refers to lcd.o(i.LCD_WriteRAM_Prepare) for LCD_WriteRAM_Prepare
    lcd.o(i.LCD_Fill) refers to lcd.o(.bss) for lcddev
[...]
    .ARM.Collect$$libinit$$0000002C          0x08000212   Section        0  libinit2.o(.ARM.Collect$$libinit$$0000002C)
    .ARM.Collect$$libinit$$0000002E          0x08000212   Section        0  libinit2.o(.ARM.Collect$$libinit$$0000002E)
    .ARM.Collect$$libinit$$00000030          0x08000212   Section        0  libinit2.o(.ARM.Collect$$libinit$$00000030)
    .ARM.Collect$$libinit$$00000031          0x08000212   Section        2  libinit2.o(.ARM.Collect$$libinit$$00000031)
    .ARM.Collect$$libshutdown$$00000000      0x08000214   Section        2  libshutdown.o(.ARM.Collect$$libshutdown$$00000000)
    .ARM.Collect$$libshutdown$$00000003      0x08000216   Section        0  libshutdown2.o(.ARM.Collect$$libshutdown$$00000003)
    .ARM.Collect$$libshutdown$$00000006      0x08000216   Section        0  libshutdown2.o(.ARM.Collect$$libshutdown$$00000006)
    .ARM.Collect$$libshutdown$$00000009      0x08000216   Section        0  libshutdown2.o(.ARM.Collect$$libshutdown$$00000009)
    .ARM.Collect$$libshutdown$$0000000B      0x08000216   Section        0  libshutdown2.o(.ARM.Collect$$libshutdown$$0000000B)
    .ARM.Collect$$libshutdown$$0000000E      0x08000216   Section        0  libshutdown2.o(.ARM.Collect$$libshutdown$$0000000E)
    .ARM.Collect$$libshutdown$$0000000F      0x08000216   Section        2  libshutdown2.o(.ARM.Collect$$libshutdown$$0000000F)
    .ARM.Collect$$rtentry$$00000000          0x08000218   Section        0  rtentry.o(.ARM.Collect$$rtentry$$00000000)
    .ARM.Collect$$rtentry$$00000002          0x08000218   Section        0  rtentry2.o(.ARM.Collect$$rtentry$$00000002)
    .ARM.Collect$$rtentry$$00000004          0x08000218   Section        6  rtentry4.o(.ARM.Collect$$rtentry$$00000004)
    .ARM.Collect$$rtentry$$00000009          0x0800021e   Section        0  rtentry2.o(.ARM.Collect$$rtentry$$00000009)
    .ARM.Collect$$rtentry$$0000000A          0x0800021e   Section        4  rtentry2.o(.ARM.Collect$$rtentry$$0000000A)
    .ARM.Collect$$rtentry$$0000000C          0x08000222   Section        0  rtentry2.o(.ARM.Collect$$rtentry$$0000000C)
    .ARM.Collect$$rtentry$$0000000D          0x08000222   Section        8  rtentry2.o(.ARM.Collect$$rtentry$$0000000D)
    .ARM.Collect$$rtexit$$00000000           0x0800022a   Section        2  rtexit.o(.ARM.Collect$$rtexit$$00000000)
    .ARM.Collect$$rtexit$$00000002           0x0800022c   Section        0  rtexit2.o(.ARM.Collect$$rtexit$$00000002)
    .ARM.Collect$$rtexit$$00000003           0x0800022c   Section        4  rtexit2.o(.ARM.Collect$$rtexit$$00000003)
    .ARM.Collect$$rtexit$$00000004           0x08000230   Section        6  rtexit2.o(.ARM.Collect$$rtexit$$00000004)
    .text                                    0x08000238   Section       64  startup_stm32f40_41xxx.o(.text)
    $v0                                      0x08000238   Number         0  startup_stm32f40_41xxx.o(.text)
    .text                                    0x08000278   Section        2  use_no_semi_2.o(.text)
    .text                                    0x0800027c   Section        0  noretval__2printf.o(.text)
    .text                                    0x08000294   Section        0  __printf.o(.text)
    .text                                    0x080002fc   Section        0  _printf_dec.o(.text)
    .text                                    0x08000370   Section        0  _printf_hex_int.o(.text)
    .text                                    0x080003c8   Section        0  heapauxi.o(.text)
    .text                                    0x080003ce   Section        2  use_no_semi.o(.text)
    .text                                    0x080003d0   Section        0  _rserrno.o(.text)
    .text                                    0x080003e6   Section        0  _printf_intcommon.o(.text)
    .text                                    0x08000498   Section        0  _printf_char_file.o(.text)
    .text                                    0x080004bc   Section        8  rt_errno_addr_intlibspace.o(.text)
    .text                                    0x080004c4   Section        0  _printf_char_common.o(.text)
    _printf_input_char                       0x080004c5   Thumb Code    10  _printf_char_common.o(.text)
    .text                                    0x080004f4   Section        0  ferror.o(.text)
    .text                                    0x080004fc   Section        8  libspace.o(.text)
    .text                                    0x08000504   Section       74  sys_stackheap_outer.o(.text)
    .text                                    0x0800054e   Section        0  exit.o(.text)
    i.BusFault_Handler                       0x0800055a   Section        0  stm32f4xx_it.o(i.BusFault_Handler)
    i.DebugMon_Handler                       0x0800055e   Section        0  stm32f4xx_it.o(i.DebugMon_Handler)
    i.EXTI8_Init                             0x08000560   Section        0  ov7725.o(i.EXTI8_Init)
    i.EXTI9_5_IRQHandler                     0x080005b0   Section        0  stm32f4xx_it.o(i.EXTI9_5_IRQHandler)
    i.EXTI_ClearITPendingBit                 0x08000604   Section        0  stm32f4xx_exti.o(i.EXTI_ClearITPendingBit)
    i.EXTI_GetITStatus                       0x08000610   Section        0  stm32f4xx_exti.o(i.EXTI_GetITStatus)
    i.EXTI_Init                              0x08000628   Section        0  stm32f4xx_exti.o(i.EXTI_Init)
    i.FSMC_NORSRAMCmd                        0x080006bc   Section        0  stm32f4xx_fsmc.o(i.FSMC_NORSRAMCmd)
    i.FSMC_NORSRAMInit                       0x080006f0   Section        0  stm32f4xx_fsmc.o(i.FSMC_NORSRAMInit)
    i.GPIO_Init                              0x080007d6   Section        0  stm32f4xx_gpio.o(i.GPIO_Init)
    i.GPIO_PinAFConfig                       0x08000866   Section        0  stm32f4xx_gpio.o(i.GPIO_PinAFConfig)
    i.GPIO_ReadInputDataBit                  0x080008ac   Section        0  stm32f4xx_gpio.o(i.GPIO_ReadInputDataBit)
    i.GPIO_SetBits                           0x080008be   Section        0  stm32f4xx_gpio.o(i.GPIO_SetBits)
    i.HardFault_Handler                      0x080008c2   Section        0  stm32f4xx_it.o(i.HardFault_Handler)
    i.KEY_Init                               0x080008c8   Section        0  key.o(i.KEY_Init)
    i.KEY_Scan                               0x08000950   Section        0  key.o(i.KEY_Scan)
    i.LCD_Clear                              0x08000b28   Section        0  lcd.o(i.LCD_Clear)
    i.LCD_Display_Dir                        0x08000b94   Section        0  lcd.o(i.LCD_Display_Dir)
    i.LCD_Fast_DrawPoint                     0x08000d54   Section        0  lcd.o(i.LCD_Fast_DrawPoint)
    i.LCD_Fill                               0x08000ed4   Section        0  lcd.o(i.LCD_Fill)
    i.LCD_Init                               0x08000f8c   Section        0  lcd.o(i.LCD_Init)
    i.LCD_Pow                                0x080048fc   Section        0  lcd.o(i.LCD_Pow)
    i.LCD_RD_DATA                            0x08004914   Section        0  lcd.o(i.LCD_RD_DATA)
    i.LCD_ReadReg                            0x08004928   Section        0  lcd.o(i.LCD_ReadReg)
    i.LCD_SSD_BackLightSet                   0x08004940   Section        0  lcd.o(i.LCD_SSD_BackLightSet)
    i.LCD_Scan_Dir                           0x080049a0   Section        0  lcd.o(i.LCD_Scan_Dir)
    i.LCD_SetCursor                          0x08004c8c   Section        0  lcd.o(i.LCD_SetCursor)
    i.LCD_ShowChar                           0x08004e34   Section        0  lcd.o(i.LCD_ShowChar)
    i.LCD_ShowString                         0x08004f5c   Section        0  lcd.o(i.LCD_ShowString)
    i.LCD_ShowxNum                           0x08004fc2   Section        0  lcd.o(i.LCD_ShowxNum)
    i.LCD_WR_DATA                            0x08005080   Section        0  lcd.o(i.LCD_WR_DATA)
    i.LCD_WR_REG                             0x08005098   Section        0  lcd.o(i.LCD_WR_REG)
    i.LCD_WriteRAM_Prepare                   0x080050b0   Section        0  lcd.o(i.LCD_WriteRAM_Prepare)
    i.LCD_WriteReg                           0x080050c4   Section        0  lcd.o(i.LCD_WriteReg)
    i.LED_Init                               0x080050d8   Section        0  led.o(i.LED_Init)
    i.MemManage_Handler                      0x08005118   Section        0  stm32f4xx_it.o(i.MemManage_Handler)
    i.NMI_Handler                            0x0800511c   Section        0  stm32f4xx_it.o(i.NMI_Handler)
    i.NVIC_Init                              0x08005120   Section        0  misc.o(i.NVIC_Init)
    i.NVIC_PriorityGroupConfig               0x08005198   Section        0  misc.o(i.NVIC_PriorityGroupConfig)
    i.OV7725_Init                            0x080051ac   Section        0  ov7725.o(i.OV7725_Init)
    i.OV7725_Window_Set                      0x080052e8   Section        0  ov7725.o(i.OV7725_Window_Set)
    i.PendSV_Handler                         0x08005452   Section        0  stm32f4xx_it.o(i.PendSV_Handler)
    i.RCC_AHB1PeriphClockCmd                 0x08005454   Section        0  stm32f4xx_rcc.o(i.RCC_AHB1PeriphClockCmd)
    i.RCC_AHB3PeriphClockCmd                 0x08005474   Section        0  stm32f4xx_rcc.o(i.RCC_AHB3PeriphClockCmd)
    i.RCC_APB1PeriphClockCmd                 0x08005494   Section        0  stm32f4xx_rcc.o(i.RCC_APB1PeriphClockCmd)
    i.RCC_APB2PeriphClockCmd                 0x080054b4   Section        0  stm32f4xx_rcc.o(i.RCC_APB2PeriphClockCmd)
    i.RCC_GetClocksFreq                      0x080054d4   Section        0  stm32f4xx_rcc.o(i.RCC_GetClocksFreq)
    i.SCCB_Init                              0x080055bc   Section        0  sccb.o(i.SCCB_Init)
    i.SCCB_No_Ack                            0x08005610   Section        0  sccb.o(i.SCCB_No_Ack)
    i.SCCB_RD_Byte                           0x08005650   Section        0  sccb.o(i.SCCB_RD_Byte)
    i.SCCB_RD_Reg                            0x080056c0   Section        0  sccb.o(i.SCCB_RD_Reg)
    i.SCCB_Start                             0x08005710   Section        0  sccb.o(i.SCCB_Start)
    i.SCCB_Stop                              0x08005744   Section        0  sccb.o(i.SCCB_Stop)
    i.SCCB_WR_Byte                           0x08005778   Section        0  sccb.o(i.SCCB_WR_Byte)
    i.SCCB_WR_Reg                            0x08005820   Section        0  sccb.o(i.SCCB_WR_Reg)
    i.SVC_Handler                            0x0800585e   Section        0  stm32f4xx_it.o(i.SVC_Handler)
    i.SYSCFG_EXTILineConfig                  0x08005860   Section        0  stm32f4xx_syscfg.o(i.SYSCFG_EXTILineConfig)
    i.SetSysClock                            0x080058a0   Section        0  system_stm32f4xx.o(i.SetSysClock)
    SetSysClock                              0x080058a1   Thumb Code   220  system_stm32f4xx.o(i.SetSysClock)
    i.SysTick_CLKSourceConfig                0x0800598c   Section        0  misc.o(i.SysTick_CLKSourceConfig)
    i.SysTick_Handler                        0x080059b4   Section        0  stm32f4xx_it.o(i.SysTick_Handler)
    i.SystemInit                             0x080059b8   Section        0  system_stm32f4xx.o(i.SystemInit)
    i.TIM13_PWM_Init                         0x08005a20   Section        0  pwm.o(i.TIM13_PWM_Init)
    i.TIM14_PWM_Init                         0x08005ac0   Section        0  pwm.o(i.TIM14_PWM_Init)
    i.TIM3_IRQHandler                        0x08005b60   Section        0  timer.o(i.TIM3_IRQHandler)
    i.TIM3_Int_Init                          0x080066dc   Section        0  timer.o(i.TIM3_Int_Init)
    i.TIM_ARRPreloadConfig                   0x08006738   Section        0  stm32f4xx_tim.o(i.TIM_ARRPreloadConfig)
    i.TIM_ClearITPendingBit                  0x08006750   Section        0  stm32f4xx_tim.o(i.TIM_ClearITPendingBit)
    i.TIM_Cmd                                0x08006756   Section        0  stm32f4xx_tim.o(i.TIM_Cmd)
    i.TIM_GetITStatus                        0x0800676e   Section        0  stm32f4xx_tim.o(i.TIM_GetITStatus)
    i.TIM_ITConfig                           0x08006790   Section        0  stm32f4xx_tim.o(i.TIM_ITConfig)
    i.TIM_OC1Init                            0x080067a4   Section        0  stm32f4xx_tim.o(i.TIM_OC1Init)
    i.TIM_OC1PreloadConfig                   0x08006820   Section        0  stm32f4xx_tim.o(i.TIM_OC1PreloadConfig)
    i.TIM_SetCompare1                        0x08006832   Section        0  stm32f4xx_tim.o(i.TIM_SetCompare1)
    i.TIM_TimeBaseInit                       0x08006838   Section        0  stm32f4xx_tim.o(i.TIM_TimeBaseInit)
    i.USART1_IRQHandler                      0x080068bc   Section        0  usart.o(i.USART1_IRQHandler)
    i.USART_Cmd                              0x08006944   Section        0  stm32f4xx_usart.o(i.USART_Cmd)
    i.USART_GetITStatus                      0x0800695c   Section        0  stm32f4xx_usart.o(i.USART_GetITStatus)
    i.USART_ITConfig                         0x080069b0   Section        0  stm32f4xx_usart.o(i.USART_ITConfig)
    i.USART_Init                             0x080069fc   Section        0  stm32f4xx_usart.o(i.USART_Init)
    i.USART_ReceiveData                      0x08006ad0   Section        0  stm32f4xx_usart.o(i.USART_ReceiveData)
    i.UsageFault_Handler                     0x08006ada   Section        0  stm32f4xx_it.o(i.UsageFault_Handler)
    i.__ARM_fpclassify                       0x08006ade   Section        0  fpclassify.o(i.__ARM_fpclassify)
    i.__hardfp_cos                           0x08006b10   Section        0  cos.o(i.__hardfp_cos)
    i.__hardfp_sin                           0x08006be8   Section        0  sin.o(i.__hardfp_sin)
    i.__ieee754_rem_pio2                     0x08006cc0   Section        0  rred.o(i.__ieee754_rem_pio2)
    i.__kernel_cos                           0x080070f8   Section        0  cos_i.o(i.__kernel_cos)
    i.__kernel_poly                          0x08007268   Section        0  poly.o(i.__kernel_poly)
    i.__kernel_sin                           0x08007360   Section        0  sin_i.o(i.__kernel_sin)
    i.__mathlib_dbl_underflow                0x08007490   Section        0  dunder.o(i.__mathlib_dbl_underflow)
    i._sys_exit                              0x080074b0   Section        0  usart.o(i._sys_exit)
    i.camera_refresh                         0x080074b4   Section        0  main.o(i.camera_refresh)
    i.delay_init                             0x08007670   Section        0  delay.o(i.delay_init)
    i.delay_ms                               0x080076ac   Section        0  delay.o(i.delay_ms)
    i.delay_us                               0x080076e4   Section        0  delay.o(i.delay_us)
    i.delay_xms                              0x08007730   Section        0  delay.o(i.delay_xms)
    i.err_return1                            0x0800777c   Section        0  pid.o(i.err_return1)
    i.err_return2                            0x080077a4   Section        0  pid.o(i.err_return2)
    i.fabs                                   0x080077cc   Section        0  fabs.o(i.fabs)
    i.fputc                                  0x080077e4   Section        0  usart.o(i.fputc)
    i.i_de                                   0x08007800   Section        0  motion.o(i.i_de)
    i.i_in                                   0x08007824   Section        0  motion.o(i.i_in)
    i.j_de                                   0x08007848   Section        0  motion.o(i.j_de)
    i.j_in                                   0x0800786c   Section        0  motion.o(i.j_in)
    i.main                                   0x08007890   Section        0  main.o(i.main)
    i.pid1_init                              0x08007c3c   Section        0  pid.o(i.pid1_init)
    i.pid1_set_f1                            0x08007ca8   Section        0  pid.o(i.pid1_set_f1)
    i.pid2_init                              0x08007cbc   Section        0  pid.o(i.pid2_init)
    i.pid2_set_f1                            0x08007d28   Section        0  pid.o(i.pid2_set_f1)
    i.pid_position                           0x08007d3c   Section        0  pid.o(i.pid_position)
    i.pid_position2                          0x08007dd4   Section        0  pid.o(i.pid_position2)
    i.set_point                              0x08007e5c   Section        0  motion.o(i.set_point)
    i.set_point_func1                        0x08007ee4   Section        0  motion.o(i.set_point_func1)
    i.set_point_function2_4                  0x08007f80   Section        0  motion.o(i.set_point_function2_4)
    i.setzone_init                           0x08008078   Section        0  timer.o(i.setzone_init)
    i.uart_init                              0x080080f0   Section        0  usart.o(i.uart_init)
    x$fpl$basic                              0x0800819c   Section       24  basic.o(x$fpl$basic)
    $v0                                      0x0800819c   Number         0  basic.o(x$fpl$basic)
    x$fpl$dadd                               0x080081b4   Section      336  daddsub_clz.o(x$fpl$dadd)
    $v0                                      0x080081b4   Number         0  daddsub_clz.o(x$fpl$dadd)
    _dadd1                                   0x080081c5   Thumb Code     0  daddsub_clz.o(x$fpl$dadd)
    x$fpl$dcmpinf                            0x08008304   Section       24  dcmpi.o(x$fpl$dcmpinf)
    $v0                                      0x08008304   Number         0  dcmpi.o(x$fpl$dcmpinf)
    x$fpl$ddiv                               0x0800831c   Section      688  ddiv.o(x$fpl$ddiv)
    $v0                                      0x0800831c   Number         0  ddiv.o(x$fpl$ddiv)
    ddiv_entry                               0x08008323   Thumb Code     0  ddiv.o(x$fpl$ddiv)
    x$fpl$dfix                               0x080085cc   Section       94  dfix.o(x$fpl$dfix)
    $v0                                      0x080085cc   Number         0  dfix.o(x$fpl$dfix)
    x$fpl$dfixu                              0x0800862c   Section       90  dfixu.o(x$fpl$dfixu)
    $v0                                      0x0800862c   Number         0  dfixu.o(x$fpl$dfixu)
    x$fpl$dflt                               0x08008686   Section       46  dflt_clz.o(x$fpl$dflt)
    $v0                                      0x08008686   Number         0  dflt_clz.o(x$fpl$dflt)
    x$fpl$dfltu                              0x080086b4   Section       38  dflt_clz.o(x$fpl$dfltu)
    $v0                                      0x080086b4   Number         0  dflt_clz.o(x$fpl$dfltu)
    x$fpl$dleqf                              0x080086dc   Section      120  dleqf.o(x$fpl$dleqf)
    $v0                                      0x080086dc   Number         0  dleqf.o(x$fpl$dleqf)
    x$fpl$dmul                               0x08008754   Section      340  dmul.o(x$fpl$dmul)
    $v0                                      0x08008754   Number         0  dmul.o(x$fpl$dmul)
    x$fpl$dnaninf                            0x080088a8   Section      156  dnaninf.o(x$fpl$dnaninf)
    $v0                                      0x080088a8   Number         0  dnaninf.o(x$fpl$dnaninf)
    x$fpl$dretinf                            0x08008944   Section       12  dretinf.o(x$fpl$dretinf)
    $v0                                      0x08008944   Number         0  dretinf.o(x$fpl$dretinf)
    x$fpl$drleqf                             0x08008950   Section      108  drleqf.o(x$fpl$drleqf)
    $v0                                      0x08008950   Number         0  drleqf.o(x$fpl$drleqf)
    x$fpl$drsb                               0x080089bc   Section       22  daddsub_clz.o(x$fpl$drsb)
    $v0                                      0x080089bc   Number         0  daddsub_clz.o(x$fpl$drsb)
    x$fpl$dsub                               0x080089d4   Section      468  daddsub_clz.o(x$fpl$dsub)
    $v0                                      0x080089d4   Number         0  daddsub_clz.o(x$fpl$dsub)
    _dsub1                                   0x080089e5   Thumb Code     0  daddsub_clz.o(x$fpl$dsub)
    x$fpl$fpinit                             0x08008ba8   Section       10  fpinit.o(x$fpl$fpinit)
    $v0                                      0x08008ba8   Number         0  fpinit.o(x$fpl$fpinit)
    .constdata                               0x08008bb2   Section     6080  lcd.o(.constdata)
    x$fpl$usenofp                            0x08008bb2   Section        0  usenofp.o(x$fpl$usenofp)
    .constdata                               0x0800a372   Section      130  ov7725.o(.constdata)
    .constdata                               0x0800a3f4   Section       40  _printf_hex_int.o(.constdata)
    uc_hextab                                0x0800a3f4   Data          20  _printf_hex_int.o(.constdata)
    lc_hextab                                0x0800a408   Data          20  _printf_hex_int.o(.constdata)
    .constdata                               0x0800a420   Section       48  cos_i.o(.constdata)
    C                                        0x0800a420   Data          48  cos_i.o(.constdata)
    .constdata                               0x0800a450   Section      200  rred.o(.constdata)
    pio2s                                    0x0800a450   Data          48  rred.o(.constdata)
    twooverpi                                0x0800a480   Data         152  rred.o(.constdata)
    .constdata                               0x0800a518   Section       40  sin_i.o(.constdata)
    S                                        0x0800a518   Data          40  sin_i.o(.constdata)
    .data                                    0x20000000   Section        3  stm32f4xx_it.o(.data)
    .data                                    0x20000004   Section        4  lcd.o(.data)
    .data                                    0x20000008   Section        1  key.o(.data)
    key_up                                   0x20000008   Data           1  key.o(.data)
    .data                                    0x20000010   Section       52  timer.o(.data)
    .data                                    0x20000044   Section        8  motion.o(.data)
    num_count                                0x20000048   Data           4  motion.o(.data)
    .data                                    0x2000004c   Section        4  delay.o(.data)
    fac_us                                   0x2000004c   Data           1  delay.o(.data)
    fac_ms                                   0x2000004e   Data           2  delay.o(.data)
    .data                                    0x20000050   Section        6  usart.o(.data)
    .data                                    0x20000056   Section       16  stm32f4xx_rcc.o(.data)
    APBAHBPrescTable                         0x20000056   Data          16  stm32f4xx_rcc.o(.data)
    .bss                                     0x20000068   Section       14  lcd.o(.bss)
    .bss                                     0x20000076   Section       18  timer.o(.bss)
    .bss                                     0x20000088   Section       96  pid.o(.bss)
    .bss                                     0x200000e8   Section      200  usart.o(.bss)
    .bss                                     0x200001b0   Section       96  libspace.o(.bss)
    HEAP                                     0x20000210   Section      512  startup_stm32f40_41xxx.o(HEAP)
    Heap_Mem                                 0x20000210   Data         512  startup_stm32f40_41xxx.o(HEAP)
    STACK                                    0x20000410   Section     1024  startup_stm32f40_41xxx.o(STACK)
    Stack_Mem                                0x20000410   Data        1024  startup_stm32f40_41xxx.o(STACK)
    __initial_sp                             0x20000810   Data           0  startup_stm32f40_41xxx.o(STACK)

    Global Symbols

    Symbol Name                              Value     Ov Type        Size  Object(Section)

    BuildAttributes$$THM_ISAv4$E$P$D$K$B$S$7EM$VFPi3$EXTD16$VFPS$VFMA$PE$A:L22UL41UL21$X:L11$S22US41US21$IEEE1$IW$USESV6$~STKCKD$USESV7$~SHL$OTIME$ROPI$IEEEX$EBA8$UX$STANDARDLIB$REQ8$PRES8$EABIv2 0x00000000   Number         0  anon$$obj.o ABSOLUTE
    __ARM_use_no_argv                        0x00000000   Number         0  main.o ABSOLUTE
    __ARM_exceptions_init                     - Undefined Weak Reference
    __alloca_initialize                       - Undefined Weak Reference
    __cpp_initialize__aeabi_                  - Undefined Weak Reference
    __cxa_finalize                            - Undefined Weak Reference
    __rt_locale                               - Undefined Weak Reference
    __sigvec_lookup                           - Undefined Weak Reference
    _atexit_init                              - Undefined Weak Reference
    _call_atexit_fns                          - Undefined Weak Reference
    _clock_init                               - Undefined Weak Reference
    _fp_trap_init                             - Undefined Weak Reference
    _fp_trap_shutdown                         - Undefined Weak Reference
    _get_lc_collate                           - Undefined Weak Reference
    _get_lc_ctype                             - Undefined Weak Reference
    _get_lc_monetary                          - Undefined Weak Reference
    _get_lc_numeric                           - Undefined Weak Reference
    _get_lc_time                              - Undefined Weak Reference
    _getenv_init                              - Undefined Weak Reference
    _handle_redirection                       - Undefined Weak Reference
    _init_alloc                               - Undefined Weak Reference
    _init_user_alloc                          - Undefined Weak Reference
    _initio                                   - Undefined Weak Reference
    _mutex_acquire                            - Undefined Weak Reference
    _mutex_release                            - Undefined Weak Reference
    _printf_post_padding                      - Undefined Weak Reference
    _printf_pre_padding                       - Undefined Weak Reference
    _printf_truncate_signed                   - Undefined Weak Reference
    _printf_truncate_unsigned                 - Undefined Weak Reference
    _rand_init                                - Undefined Weak Reference
    _signal_finish                            - Undefined Weak Reference
    _signal_init                              - Undefined Weak Reference
    _terminate_alloc                          - Undefined Weak Reference
    _terminate_user_alloc                     - Undefined Weak Reference
    _terminateio                              - Undefined Weak Reference
    __Vectors_Size                           0x00000188   Number         0  startup_stm32f40_41xxx.o ABSOLUTE
    __Vectors                                0x08000000   Data           4  startup_stm32f40_41xxx.o(RESET)
    __Vectors_End                            0x08000188   Data           0  startup_stm32f40_41xxx.o(RESET)
    __main                                   0x08000189   Thumb Code     8  __main.o(!!!main)
    __scatterload                            0x08000191   Thumb Code     0  __scatter.o(!!!scatter)
    __scatterload_rt2                        0x08000191   Thumb Code    44  __scatter.o(!!!scatter)
    __scatterload_rt2_thumb_only             0x08000191   Thumb Code     0  __scatter.o(!!!scatter)
    __scatterload_null                       0x0800019f   Thumb Code     0  __scatter.o(!!!scatter)
    __scatterload_copy                       0x080001c5   Thumb Code    26  __scatter_copy.o(!!handler_copy)
    __scatterload_zeroinit                   0x080001e1   Thumb Code    28  __scatter_zi.o(!!handler_zi)
    _printf_d                                0x080001fd   Thumb Code     0  _printf_d.o(.ARM.Collect$$_printf_percent$$00000009)
    _printf_percent                          0x080001fd   Thumb Code     0  _printf_percent.o(.ARM.Collect$$_printf_percent$$00000000)
    _printf_x                                0x08000203   Thumb Code     0  _printf_x.o(.ARM.Collect$$_printf_percent$$0000000C)
    _printf_percent_end                      0x08000209   Thumb Code     0  _printf_percent_end.o(.ARM.Collect$$_printf_percent$$00000017)
    __rt_lib_init                            0x0800020d   Thumb Code     0  libinit.o(.ARM.Collect$$libinit$$00000000)
    __rt_lib_init_fp_1                       0x0800020f   Thumb Code     0  libinit2.o(.ARM.Collect$$libinit$$00000001)
    __rt_lib_init_alloca_1                   0x08000213   Thumb Code     0  libinit2.o(.ARM.Collect$$libinit$$0000002C)
    __rt_lib_init_argv_1                     0x08000213   Thumb Code     0  libinit2.o(.ARM.Collect$$libinit$$0000002A)
    __rt_lib_init_atexit_1                   0x08000213   Thumb Code     0  libinit2.o(.ARM.Collect$$libinit$$00000019)
    __rt_lib_init_clock_1                    0x08000213   Thumb Code     0  libinit2.o(.ARM.Collect$$libinit$$0000001F)
    __rt_lib_init_cpp_1                      0x08000213   Thumb Code     0  libinit2.o(.ARM.Collect$$libinit$$00000030)
    __rt_lib_init_exceptions_1               0x08000213   Thumb Code     0  libinit2.o(.ARM.Collect$$libinit$$0000002E)
    __rt_lib_init_fp_trap_1                  0x08000213   Thumb Code     0  libinit2.o(.ARM.Collect$$libinit$$0000001D)
    __rt_lib_init_getenv_1                   0x08000213   Thumb Code     0  libinit2.o(.ARM.Collect$$libinit$$00000021)
    __rt_lib_init_heap_1                     0x08000213   Thumb Code     0  libinit2.o(.ARM.Collect$$libinit$$00000008)
    __rt_lib_init_lc_collate_1               0x08000213   Thumb Code     0  libinit2.o(.ARM.Collect$$libinit$$0000000F)
    __rt_lib_init_lc_ctype_1                 0x08000213   Thumb Code     0  libinit2.o(.ARM.Collect$$libinit$$00000011)
    __rt_lib_init_lc_monetary_1              0x08000213   Thumb Code     0  libinit2.o(.ARM.Collect$$libinit$$00000013)
    __rt_lib_init_lc_numeric_1               0x08000213   Thumb Code     0  libinit2.o(.ARM.Collect$$libinit$$00000015)
    __rt_lib_init_lc_time_1                  0x08000213   Thumb Code     0  libinit2.o(.ARM.Collect$$libinit$$00000017)
    __rt_lib_init_rand_1                     0x08000213   Thumb Code     0  libinit2.o(.ARM.Collect$$libinit$$0000000C)
    __rt_lib_init_return                     0x08000213   Thumb Code     0  libinit2.o(.ARM.Collect$$libinit$$00000031)
    __rt_lib_init_signal_1                   0x08000213   Thumb Code     0  libinit2.o(.ARM.Collect$$libinit$$0000001B)
    __rt_lib_init_stdio_1                    0x08000213   Thumb Code     0  libinit2.o(.ARM.Collect$$libinit$$00000023)
    __rt_lib_init_user_alloc_1               0x08000213   Thumb Code     0  libinit2.o(.ARM.Collect$$libinit$$0000000A)
    __rt_lib_shutdown                        0x08000215   Thumb Code     0  libshutdown.o(.ARM.Collect$$libshutdown$$00000000)
    __rt_lib_shutdown_fp_trap_1              0x08000217   Thumb Code     0  libshutdown2.o(.ARM.Collect$$libshutdown$$00000006)
    __rt_lib_shutdown_heap_1                 0x08000217   Thumb Code     0  libshutdown2.o(.ARM.Collect$$libshutdown$$0000000E)
    __rt_lib_shutdown_return                 0x08000217   Thumb Code     0  libshutdown2.o(.ARM.Collect$$libshutdown$$0000000F)
    __rt_lib_shutdown_signal_1               0x08000217   Thumb Code     0  libshutdown2.o(.ARM.Collect$$libshutdown$$00000009)
    __rt_lib_shutdown_stdio_1                0x08000217   Thumb Code     0  libshutdown2.o(.ARM.Collect$$libshutdown$$00000003)
    __rt_lib_shutdown_user_alloc_1           0x08000217   Thumb Code     0  libshutdown2.o(.ARM.Collect$$libshutdown$$0000000B)
    __rt_entry                               0x08000219   Thumb Code     0  rtentry.o(.ARM.Collect$$rtentry$$00000000)
    __rt_entry_presh_1                       0x08000219   Thumb Code     0  rtentry2.o(.ARM.Collect$$rtentry$$00000002)
    __rt_entry_sh                            0x08000219   Thumb Code     0  rtentry4.o(.ARM.Collect$$rtentry$$00000004)
    __rt_entry_li                            0x0800021f   Thumb Code     0  rtentry2.o(.ARM.Collect$$rtentry$$0000000A)
    __rt_entry_postsh_1                      0x0800021f   Thumb Code     0  rtentry2.o(.ARM.Collect$$rtentry$$00000009)
    __rt_entry_main                          0x08000223   Thumb Code     0  rtentry2.o(.ARM.Collect$$rtentry$$0000000D)
    __rt_entry_postli_1                      0x08000223   Thumb Code     0  rtentry2.o(.ARM.Collect$$rtentry$$0000000C)
    __rt_exit                                0x0800022b   Thumb Code     0  rtexit.o(.ARM.Collect$$rtexit$$00000000)
    __rt_exit_ls                             0x0800022d   Thumb Code     0  rtexit2.o(.ARM.Collect$$rtexit$$00000003)
    __rt_exit_prels_1                        0x0800022d   Thumb Code     0  rtexit2.o(.ARM.Collect$$rtexit$$00000002)
    __rt_exit_exit                           0x08000231   Thumb Code     0  rtexit2.o(.ARM.Collect$$rtexit$$00000004)
    Reset_Handler                            0x08000239   Thumb Code     8  startup_stm32f40_41xxx.o(.text)
    ADC_IRQHandler                           0x08000253   Thumb Code     0  startup_stm32f40_41xxx.o(.text)
    CAN1_RX0_IRQHandler                      0x08000253   Thumb Code     0  startup_stm32f40_41xxx.o(.text)
    CAN1_RX1_IRQHandler                      0x08000253   Thumb Code     0  startup_stm32f40_41xxx.o(.text)
    CAN1_SCE_IRQHandler                      0x08000253   Thumb Code     0  startup_stm32f40_41xxx.o(.text)
    CAN1_TX_IRQHandler                       0x08000253   Thumb Code     0  startup_stm32f40_41xxx.o(.text)
    CAN2_RX0_IRQHandler                      0x08000253   Thumb Code     0  startup_stm32f40_41xxx.o(.text)
    CAN2_RX1_IRQHandler                      0x08000253   Thumb Code     0  startup_stm32f40_41xxx.o(.text)
    CAN2_SCE_IRQHandler                      0x08000253   Thumb Code     0  startup_stm32f40_41xxx.o(.text)
    CAN2_TX_IRQHandler                       0x08000253   Thumb Code     0  startup_stm32f40_41xxx.o(.text)
    CRYP_IRQHandler                          0x08000253   Thumb Code     0  startup_stm32f40_41xxx.o(.text)
    DCMI_IRQHandler                          0x08000253   Thumb Code     0  startup_stm32f40_41xxx.o(.text)
    DMA1_Stream0_IRQHandler                  0x08000253   Thumb Code     0  startup_stm32f40_41xxx.o(.text)
    DMA1_Stream1_IRQHandler                  0x08000253   Thumb Code     0  startup_stm32f40_41xxx.o(.text)
    DMA1_Stream2_IRQHandler                  0x08000253   Thumb Code     0  startup_stm32f40_41xxx.o(.text)
    DMA1_Stream3_IRQHandler                  0x08000253   Thumb Code     0  startup_stm32f40_41xxx.o(.text)
    DMA1_Stream4_IRQHandler                  0x08000253   Thumb Code     0  startup_stm32f40_41xxx.o(.text)
    DMA1_Stream5_IRQHandler                  0x08000253   Thumb Code     0  startup_stm32f40_41xxx.o(.text)
    DMA1_Stream6_IRQHandler                  0x08000253   Thumb Code     0  startup_stm32f40_41xxx.o(.text)
    DMA1_Stream7_IRQHandler                  0x08000253   Thumb Code     0  startup_stm32f40_41xxx.o(.text)
    DMA2_Stream0_IRQHandler                  0x08000253   Thumb Code     0  startup_stm32f40_41xxx.o(.text)
    DMA2_Stream1_IRQHandler                  0x08000253   Thumb Code     0  startup_stm32f40_41xxx.o(.text)
    DMA2_Stream2_IRQHandler                  0x08000253   Thumb Code     0  startup_stm32f40_41xxx.o(.text)
    DMA2_Stream3_IRQHandler                  0x08000253   Thumb Code     0  startup_stm32f40_41xxx.o(.text)
    DMA2_Stream4_IRQHandler                  0x08000253   Thumb Code     0  startup_stm32f40_41xxx.o(.text)
    DMA2_Stream5_IRQHandler                  0x08000253   Thumb Code     0  startup_stm32f40_41xxx.o(.text)
    DMA2_Stream6_IRQHandler                  0x08000253   Thumb Code     0  startup_stm32f40_41xxx.o(.text)
    DMA2_Stream7_IRQHandler                  0x08000253   Thumb Code     0  startup_stm32f40_41xxx.o(.text)
    ETH_IRQHandler                           0x08000253   Thumb Code     0  startup_stm32f40_41xxx.o(.text)
    ETH_WKUP_IRQHandler                      0x08000253   Thumb Code     0  startup_stm32f40_41xxx.o(.text)
    EXTI0_IRQHandler                         0x08000253   Thumb Code     0  startup_stm32f40_41xxx.o(.text)
    EXTI15_10_IRQHandler                     0x08000253   Thumb Code     0  startup_stm32f40_41xxx.o(.text)
    EXTI1_IRQHandler                         0x08000253   Thumb Code     0  startup_stm32f40_41xxx.o(.text)
    EXTI2_IRQHandler                         0x08000253   Thumb Code     0  startup_stm32f40_41xxx.o(.text)
    EXTI3_IRQHandler                         0x08000253   Thumb Code     0  startup_stm32f40_41xxx.o(.text)
    EXTI4_IRQHandler                         0x08000253   Thumb Code     0  startup_stm32f40_41xxx.o(.text)
    FLASH_IRQHandler                         0x08000253   Thumb Code     0  startup_stm32f40_41xxx.o(.text)
    FPU_IRQHandler                           0x08000253   Thumb Code     0  startup_stm32f40_41xxx.o(.text)
    FSMC_IRQHandler                          0x08000253   Thumb Code     0  startup_stm32f40_41xxx.o(.text)
    HASH_RNG_IRQHandler                      0x08000253   Thumb Code     0  startup_stm32f40_41xxx.o(.text)
    I2C1_ER_IRQHandler                       0x08000253   Thumb Code     0  startup_stm32f40_41xxx.o(.text)
    I2C1_EV_IRQHandler                       0x08000253   Thumb Code     0  startup_stm32f40_41xxx.o(.text)
    I2C2_ER_IRQHandler                       0x08000253   Thumb Code     0  startup_stm32f40_41xxx.o(.text)
    I2C2_EV_IRQHandler                       0x08000253   Thumb Code     0  startup_stm32f40_41xxx.o(.text)
    I2C3_ER_IRQHandler                       0x08000253   Thumb Code     0  startup_stm32f40_41xxx.o(.text)
    I2C3_EV_IRQHandler                       0x08000253   Thumb Code     0  startup_stm32f40_41xxx.o(.text)
    OTG_FS_IRQHandler                        0x08000253   Thumb Code     0  startup_stm32f40_41xxx.o(.text)
    OTG_FS_WKUP_IRQHandler                   0x08000253   Thumb Code     0  startup_stm32f40_41xxx.o(.text)
    OTG_HS_EP1_IN_IRQHandler                 0x08000253   Thumb Code     0  startup_stm32f40_41xxx.o(.text)
    OTG_HS_EP1_OUT_IRQHandler                0x08000253   Thumb Code     0  startup_stm32f40_41xxx.o(.text)
    OTG_HS_IRQHandler                        0x08000253   Thumb Code     0  startup_stm32f40_41xxx.o(.text)
    OTG_HS_WKUP_IRQHandler                   0x08000253   Thumb Code     0  startup_stm32f40_41xxx.o(.text)
    PVD_IRQHandler                           0x08000253   Thumb Code     0  startup_stm32f40_41xxx.o(.text)
    RCC_IRQHandler                           0x08000253   Thumb Code     0  startup_stm32f40_41xxx.o(.text)
    RTC_Alarm_IRQHandler                     0x08000253   Thumb Code     0  startup_stm32f40_41xxx.o(.text)
    RTC_WKUP_IRQHandler                      0x08000253   Thumb Code     0  startup_stm32f40_41xxx.o(.text)
    SDIO_IRQHandler                          0x08000253   Thumb Code     0  startup_stm32f40_41xxx.o(.text)
    SPI1_IRQHandler                          0x08000253   Thumb Code     0  startup_stm32f40_41xxx.o(.text)
    SPI2_IRQHandler                          0x08000253   Thumb Code     0  startup_stm32f40_41xxx.o(.text)
    SPI3_IRQHandler                          0x08000253   Thumb Code     0  startup_stm32f40_41xxx.o(.text)
    TAMP_STAMP_IRQHandler                    0x08000253   Thumb Code     0  startup_stm32f40_41xxx.o(.text)
    TIM1_BRK_TIM9_IRQHandler                 0x08000253   Thumb Code     0  startup_stm32f40_41xxx.o(.text)
    TIM1_CC_IRQHandler                       0x08000253   Thumb Code     0  startup_stm32f40_41xxx.o(.text)
    TIM1_TRG_COM_TIM11_IRQHandler            0x08000253   Thumb Code     0  startup_stm32f40_41xxx.o(.text)
    TIM1_UP_TIM10_IRQHandler                 0x08000253   Thumb Code     0  startup_stm32f40_41xxx.o(.text)
    TIM2_IRQHandler                          0x08000253   Thumb Code     0  startup_stm32f40_41xxx.o(.text)
    TIM4_IRQHandler                          0x08000253   Thumb Code     0  startup_stm32f40_41xxx.o(.text)
    TIM5_IRQHandler                          0x08000253   Thumb Code     0  startup_stm32f40_41xxx.o(.text)
    TIM6_DAC_IRQHandler                      0x08000253   Thumb Code     0  startup_stm32f40_41xxx.o(.text)
    TIM7_IRQHandler                          0x08000253   Thumb Code     0  startup_stm32f40_41xxx.o(.text)
    TIM8_BRK_TIM12_IRQHandler                0x08000253   Thumb Code     0  startup_stm32f40_41xxx.o(.text)
    TIM8_CC_IRQHandler                       0x08000253   Thumb Code     0  startup_stm32f40_41xxx.o(.text)
    TIM8_TRG_COM_TIM14_IRQHandler            0x08000253   Thumb Code     0  startup_stm32f40_41xxx.o(.text)
    TIM8_UP_TIM13_IRQHandler                 0x08000253   Thumb Code     0  startup_stm32f40_41xxx.o(.text)
    UART4_IRQHandler                         0x08000253   Thumb Code     0  startup_stm32f40_41xxx.o(.text)
    UART5_IRQHandler                         0x08000253   Thumb Code     0  startup_stm32f40_41xxx.o(.text)
    USART2_IRQHandler                        0x08000253   Thumb Code     0  startup_stm32f40_41xxx.o(.text)
    USART3_IRQHandler                        0x08000253   Thumb Code     0  startup_stm32f40_41xxx.o(.text)
    USART6_IRQHandler                        0x08000253   Thumb Code     0  startup_stm32f40_41xxx.o(.text)
    WWDG_IRQHandler                          0x08000253   Thumb Code     0  startup_stm32f40_41xxx.o(.text)
    __user_initial_stackheap                 0x08000255   Thumb Code     0  startup_stm32f40_41xxx.o(.text)
    __use_no_semihosting                     0x08000279   Thumb Code     2  use_no_semi_2.o(.text)
    __2printf                                0x0800027d   Thumb Code    20  noretval__2printf.o(.text)
    __printf                                 0x08000295   Thumb Code   104  __printf.o(.text)
    _printf_int_dec                          0x080002fd   Thumb Code   100  _printf_dec.o(.text)
    _printf_int_hex                          0x08000371   Thumb Code    84  _printf_hex_int.o(.text)
    _printf_longlong_hex                     0x08000371   Thumb Code     0  _printf_hex_int.o(.text)
    __use_two_region_memory                  0x080003c9   Thumb Code     2  heapauxi.o(.text)
    __rt_heap_escrow$2region                 0x080003cb   Thumb Code     2  heapauxi.o(.text)
    __rt_heap_expand$2region                 0x080003cd   Thumb Code     2  heapauxi.o(.text)
    __I$use$semihosting                      0x080003cf   Thumb Code     0  use_no_semi.o(.text)
    __use_no_semihosting_swi                 0x080003cf   Thumb Code     2  use_no_semi.o(.text)
    __read_errno                             0x080003d1   Thumb Code    10  _rserrno.o(.text)
    __set_errno                              0x080003db   Thumb Code    12  _rserrno.o(.text)
    _printf_int_common                       0x080003e7   Thumb Code   178  _printf_intcommon.o(.text)
    _printf_char_file                        0x08000499   Thumb Code    32  _printf_char_file.o(.text)
    __aeabi_errno_addr                       0x080004bd   Thumb Code     8  rt_errno_addr_intlibspace.o(.text)
    __errno$intlibspace                      0x080004bd   Thumb Code     0  rt_errno_addr_intlibspace.o(.text)
    __rt_errno_addr$intlibspace              0x080004bd   Thumb Code     0  rt_errno_addr_intlibspace.o(.text)
    _printf_char_common                      0x080004cf   Thumb Code    32  _printf_char_common.o(.text)
    ferror                                   0x080004f5   Thumb Code     8  ferror.o(.text)
    __user_libspace                          0x080004fd   Thumb Code     8  libspace.o(.text)
    __user_perproc_libspace                  0x080004fd   Thumb Code     0  libspace.o(.text)
    __user_perthread_libspace                0x080004fd   Thumb Code     0  libspace.o(.text)
    __user_setup_stackheap                   0x08000505   Thumb Code    74  sys_stackheap_outer.o(.text)
    exit                                     0x0800054f   Thumb Code    12  exit.o(.text)
    BusFault_Handler                         0x0800055b   Thumb Code     4  stm32f4xx_it.o(i.BusFault_Handler)
    DebugMon_Handler                         0x0800055f   Thumb Code     2  stm32f4xx_it.o(i.DebugMon_Handler)
    EXTI8_Init                               0x08000561   Thumb Code    78  ov7725.o(i.EXTI8_Init)
    EXTI9_5_IRQHandler                       0x080005b1   Thumb Code    64  stm32f4xx_it.o(i.EXTI9_5_IRQHandler)
    EXTI_ClearITPendingBit                   0x08000605   Thumb Code     6  stm32f4xx_exti.o(i.EXTI_ClearITPendingBit)
    EXTI_GetITStatus                         0x08000611   Thumb Code    20  stm32f4xx_exti.o(i.EXTI_GetITStatus)
    EXTI_Init                                0x08000629   Thumb Code   142  stm32f4xx_exti.o(i.EXTI_Init)
    FSMC_NORSRAMCmd                          0x080006bd   Thumb Code    46  stm32f4xx_fsmc.o(i.FSMC_NORSRAMCmd)
    FSMC_NORSRAMInit                         0x080006f1   Thumb Code   230  stm32f4xx_fsmc.o(i.FSMC_NORSRAMInit)
    GPIO_Init                                0x080007d7   Thumb Code   144  stm32f4xx_gpio.o(i.GPIO_Init)
    GPIO_PinAFConfig                         0x08000867   Thumb Code    70  stm32f4xx_gpio.o(i.GPIO_PinAFConfig)
    GPIO_ReadInputDataBit                    0x080008ad   Thumb Code    18  stm32f4xx_gpio.o(i.GPIO_ReadInputDataBit)
    GPIO_SetBits                             0x080008bf   Thumb Code     4  stm32f4xx_gpio.o(i.GPIO_SetBits)
    HardFault_Handler                        0x080008c3   Thumb Code     4  stm32f4xx_it.o(i.HardFault_Handler)
    KEY_Init                                 0x080008c9   Thumb Code   122  key.o(i.KEY_Init)
    KEY_Scan                                 0x08000951   Thumb Code   456  key.o(i.KEY_Scan)
    LCD_Clear                                0x08000b29   Thumb Code   100  lcd.o(i.LCD_Clear)
    LCD_Display_Dir                          0x08000b95   Thumb Code   444  lcd.o(i.LCD_Display_Dir)
    LCD_Fast_DrawPoint                       0x08000d55   Thumb Code   374  lcd.o(i.LCD_Fast_DrawPoint)
    LCD_Fill                                 0x08000ed5   Thumb Code   180  lcd.o(i.LCD_Fill)
    LCD_Init                                 0x08000f8d   Thumb Code 14694  lcd.o(i.LCD_Init)
    LCD_Pow                                  0x080048fd   Thumb Code    22  lcd.o(i.LCD_Pow)
    LCD_RD_DATA                              0x08004915   Thumb Code    14  lcd.o(i.LCD_RD_DATA)
    LCD_ReadReg                              0x08004929   Thumb Code    22  lcd.o(i.LCD_ReadReg)
    LCD_SSD_BackLightSet                     0x08004941   Thumb Code    88  lcd.o(i.LCD_SSD_BackLightSet)
    LCD_Scan_Dir                             0x080049a1   Thumb Code   744  lcd.o(i.LCD_Scan_Dir)
    LCD_SetCursor                            0x08004c8d   Thumb Code   418  lcd.o(i.LCD_SetCursor)
    LCD_ShowChar                             0x08004e35   Thumb Code   272  lcd.o(i.LCD_ShowChar)
    LCD_ShowString                           0x08004f5d   Thumb Code   102  lcd.o(i.LCD_ShowString)
    LCD_ShowxNum                             0x08004fc3   Thumb Code   190  lcd.o(i.LCD_ShowxNum)
    LCD_WR_DATA                              0x08005081   Thumb Code    18  lcd.o(i.LCD_WR_DATA)
    LCD_WR_REG                               0x08005099   Thumb Code    18  lcd.o(i.LCD_WR_REG)
    LCD_WriteRAM_Prepare                     0x080050b1   Thumb Code    10  lcd.o(i.LCD_WriteRAM_Prepare)
    LCD_WriteReg                             0x080050c5   Thumb Code    14  lcd.o(i.LCD_WriteReg)
    LED_Init                                 0x080050d9   Thumb Code    60  led.o(i.LED_Init)
    MemManage_Handler                        0x08005119   Thumb Code     4  stm32f4xx_it.o(i.MemManage_Handler)
    NMI_Handler                              0x0800511d   Thumb Code     2  stm32f4xx_it.o(i.NMI_Handler)
    NVIC_Init                                0x08005121   Thumb Code   106  misc.o(i.NVIC_Init)
    NVIC_PriorityGroupConfig                 0x08005199   Thumb Code    10  misc.o(i.NVIC_PriorityGroupConfig)
    OV7725_Init                              0x080051ad   Thumb Code   268  ov7725.o(i.OV7725_Init)
    OV7725_Window_Set                        0x080052e9   Thumb Code   362  ov7725.o(i.OV7725_Window_Set)
    PendSV_Handler                           0x08005453   Thumb Code     2  stm32f4xx_it.o(i.PendSV_Handler)
    RCC_AHB1PeriphClockCmd                   0x08005455   Thumb Code    26  stm32f4xx_rcc.o(i.RCC_AHB1PeriphClockCmd)
    RCC_AHB3PeriphClockCmd                   0x08005475   Thumb Code    26  stm32f4xx_rcc.o(i.RCC_AHB3PeriphClockCmd)
    RCC_APB1PeriphClockCmd                   0x08005495   Thumb Code    26  stm32f4xx_rcc.o(i.RCC_APB1PeriphClockCmd)
    RCC_APB2PeriphClockCmd                   0x080054b5   Thumb Code    26  stm32f4xx_rcc.o(i.RCC_APB2PeriphClockCmd)
    RCC_GetClocksFreq                        0x080054d5   Thumb Code   214  stm32f4xx_rcc.o(i.RCC_GetClocksFreq)
    SCCB_Init                                0x080055bd   Thumb Code    78  sccb.o(i.SCCB_Init)
    SCCB_No_Ack                              0x08005611   Thumb Code    56  sccb.o(i.SCCB_No_Ack)
    SCCB_RD_Byte                             0x08005651   Thumb Code   100  sccb.o(i.SCCB_RD_Byte)
    SCCB_RD_Reg                              0x080056c1   Thumb Code    78  sccb.o(i.SCCB_RD_Reg)
    SCCB_Start                               0x08005711   Thumb Code    42  sccb.o(i.SCCB_Start)
    SCCB_Stop                                0x08005745   Thumb Code    42  sccb.o(i.SCCB_Stop)
    SCCB_WR_Byte                             0x08005779   Thumb Code   154  sccb.o(i.SCCB_WR_Byte)
    SCCB_WR_Reg                              0x08005821   Thumb Code    62  sccb.o(i.SCCB_WR_Reg)
    SVC_Handler                              0x0800585f   Thumb Code     2  stm32f4xx_it.o(i.SVC_Handler)
    SYSCFG_EXTILineConfig                    0x08005861   Thumb Code    60  stm32f4xx_syscfg.o(i.SYSCFG_EXTILineConfig)
    SysTick_CLKSourceConfig                  0x0800598d   Thumb Code    40  misc.o(i.SysTick_CLKSourceConfig)
    SysTick_Handler                          0x080059b5   Thumb Code     2  stm32f4xx_it.o(i.SysTick_Handler)
    SystemInit                               0x080059b9   Thumb Code    88  system_stm32f4xx.o(i.SystemInit)
    TIM13_PWM_Init                           0x08005a21   Thumb Code   152  pwm.o(i.TIM13_PWM_Init)
    TIM14_PWM_Init                           0x08005ac1   Thumb Code   152  pwm.o(i.TIM14_PWM_Init)
    TIM3_IRQHandler                          0x08005b61   Thumb Code  2880  timer.o(i.TIM3_IRQHandler)
    TIM3_Int_Init                            0x080066dd   Thumb Code    88  timer.o(i.TIM3_Int_Init)
    TIM_ARRPreloadConfig                     0x08006739   Thumb Code    24  stm32f4xx_tim.o(i.TIM_ARRPreloadConfig)
    TIM_ClearITPendingBit                    0x08006751   Thumb Code     6  stm32f4xx_tim.o(i.TIM_ClearITPendingBit)
    TIM_Cmd                                  0x08006757   Thumb Code    24  stm32f4xx_tim.o(i.TIM_Cmd)
    TIM_GetITStatus                          0x0800676f   Thumb Code    34  stm32f4xx_tim.o(i.TIM_GetITStatus)
    TIM_ITConfig                             0x08006791   Thumb Code    18  stm32f4xx_tim.o(i.TIM_ITConfig)
    TIM_OC1Init                              0x080067a5   Thumb Code   114  stm32f4xx_tim.o(i.TIM_OC1Init)
    TIM_OC1PreloadConfig                     0x08006821   Thumb Code    18  stm32f4xx_tim.o(i.TIM_OC1PreloadConfig)
    TIM_SetCompare1                          0x08006833   Thumb Code     4  stm32f4xx_tim.o(i.TIM_SetCompare1)
    TIM_TimeBaseInit                         0x08006839   Thumb Code   104  stm32f4xx_tim.o(i.TIM_TimeBaseInit)
    USART1_IRQHandler                        0x080068bd   Thumb Code   122  usart.o(i.USART1_IRQHandler)
    USART_Cmd                                0x08006945   Thumb Code    24  stm32f4xx_usart.o(i.USART_Cmd)
    USART_GetITStatus                        0x0800695d   Thumb Code    84  stm32f4xx_usart.o(i.USART_GetITStatus)
    USART_ITConfig                           0x080069b1   Thumb Code    74  stm32f4xx_usart.o(i.USART_ITConfig)
    USART_Init                               0x080069fd   Thumb Code   204  stm32f4xx_usart.o(i.USART_Init)
    USART_ReceiveData                        0x08006ad1   Thumb Code    10  stm32f4xx_usart.o(i.USART_ReceiveData)
    UsageFault_Handler                       0x08006adb   Thumb Code     4  stm32f4xx_it.o(i.UsageFault_Handler)
    __ARM_fpclassify                         0x08006adf   Thumb Code    48  fpclassify.o(i.__ARM_fpclassify)
    __hardfp_cos                             0x08006b11   Thumb Code   200  cos.o(i.__hardfp_cos)
    __hardfp_sin                             0x08006be9   Thumb Code   200  sin.o(i.__hardfp_sin)
    __ieee754_rem_pio2                       0x08006cc1   Thumb Code   938  rred.o(i.__ieee754_rem_pio2)
    __kernel_cos                             0x080070f9   Thumb Code   322  cos_i.o(i.__kernel_cos)
    __kernel_poly                            0x08007269   Thumb Code   248  poly.o(i.__kernel_poly)
    __kernel_sin                             0x08007361   Thumb Code   280  sin_i.o(i.__kernel_sin)
    __mathlib_dbl_underflow                  0x08007491   Thumb Code    24  dunder.o(i.__mathlib_dbl_underflow)
    _sys_exit                                0x080074b1   Thumb Code     4  usart.o(i._sys_exit)
    camera_refresh                           0x080074b5   Thumb Code   402  main.o(i.camera_refresh)
    delay_init                               0x08007671   Thumb Code    52  delay.o(i.delay_init)
    delay_ms                                 0x080076ad   Thumb Code    56  delay.o(i.delay_ms)
    delay_us                                 0x080076e5   Thumb Code    72  delay.o(i.delay_us)
    delay_xms                                0x08007731   Thumb Code    72  delay.o(i.delay_xms)
    err_return1                              0x0800777d   Thumb Code    36  pid.o(i.err_return1)
    err_return2                              0x080077a5   Thumb Code    36  pid.o(i.err_return2)
    fabs                                     0x080077cd   Thumb Code    24  fabs.o(i.fabs)
    fputc                                    0x080077e5   Thumb Code    22  usart.o(i.fputc)
    i_de                                     0x08007801   Thumb Code    30  motion.o(i.i_de)
    i_in                                     0x08007825   Thumb Code    30  motion.o(i.i_in)
    j_de                                     0x08007849   Thumb Code    30  motion.o(i.j_de)
    j_in                                     0x0800786d   Thumb Code    30  motion.o(i.j_in)
    main                                     0x08007891   Thumb Code   822  main.o(i.main)
    pid1_init                                0x08007c3d   Thumb Code   100  pid.o(i.pid1_init)
    pid1_set_f1                              0x08007ca9   Thumb Code    16  pid.o(i.pid1_set_f1)
    pid2_init                                0x08007cbd   Thumb Code   100  pid.o(i.pid2_init)
    pid2_set_f1                              0x08007d29   Thumb Code    16  pid.o(i.pid2_set_f1)
    pid_position                             0x08007d3d   Thumb Code   148  pid.o(i.pid_position)
    pid_position2                            0x08007dd5   Thumb Code   132  pid.o(i.pid_position2)
    set_point                                0x08007e5d   Thumb Code   136  motion.o(i.set_point)
    set_point_func1                          0x08007ee5   Thumb Code   152  motion.o(i.set_point_func1)
    set_point_function2_4                    0x08007f81   Thumb Code   236  motion.o(i.set_point_function2_4)
    setzone_init                             0x08008079   Thumb Code   110  timer.o(i.setzone_init)
    uart_init                                0x080080f1   Thumb Code   164  usart.o(i.uart_init)
    __aeabi_dneg                             0x0800819d   Thumb Code     0  basic.o(x$fpl$basic)
    _dneg                                    0x0800819d   Thumb Code     6  basic.o(x$fpl$basic)
    __aeabi_fneg                             0x080081a3   Thumb Code     0  basic.o(x$fpl$basic)
    _fneg                                    0x080081a3   Thumb Code     6  basic.o(x$fpl$basic)
    _dabs                                    0x080081a9   Thumb Code     6  basic.o(x$fpl$basic)
    _fabs                                    0x080081af   Thumb Code     6  basic.o(x$fpl$basic)
    __aeabi_dadd                             0x080081b5   Thumb Code     0  daddsub_clz.o(x$fpl$dadd)
    _dadd                                    0x080081b5   Thumb Code   332  daddsub_clz.o(x$fpl$dadd)
    __fpl_dcmp_Inf                           0x08008305   Thumb Code    24  dcmpi.o(x$fpl$dcmpinf)
    __aeabi_ddiv                             0x0800831d   Thumb Code     0  ddiv.o(x$fpl$ddiv)
    _ddiv                                    0x0800831d   Thumb Code   552  ddiv.o(x$fpl$ddiv)
    __aeabi_d2iz                             0x080085cd   Thumb Code     0  dfix.o(x$fpl$dfix)
    _dfix                                    0x080085cd   Thumb Code    94  dfix.o(x$fpl$dfix)
    __aeabi_d2uiz                            0x0800862d   Thumb Code     0  dfixu.o(x$fpl$dfixu)
    _dfixu                                   0x0800862d   Thumb Code    90  dfixu.o(x$fpl$dfixu)
    __aeabi_i2d                              0x08008687   Thumb Code     0  dflt_clz.o(x$fpl$dflt)
    _dflt                                    0x08008687   Thumb Code    46  dflt_clz.o(x$fpl$dflt)
    __aeabi_ui2d                             0x080086b5   Thumb Code     0  dflt_clz.o(x$fpl$dfltu)
    _dfltu                                   0x080086b5   Thumb Code    38  dflt_clz.o(x$fpl$dfltu)
    __aeabi_cdcmple                          0x080086dd   Thumb Code     0  dleqf.o(x$fpl$dleqf)
    _dcmple                                  0x080086dd   Thumb Code   120  dleqf.o(x$fpl$dleqf)
    __fpl_dcmple_InfNaN                      0x0800873f   Thumb Code     0  dleqf.o(x$fpl$dleqf)
    __aeabi_dmul                             0x08008755   Thumb Code     0  dmul.o(x$fpl$dmul)
    _dmul                                    0x08008755   Thumb Code   332  dmul.o(x$fpl$dmul)
    __fpl_dnaninf                            0x080088a9   Thumb Code   156  dnaninf.o(x$fpl$dnaninf)
    __fpl_dretinf                            0x08008945   Thumb Code    12  dretinf.o(x$fpl$dretinf)
    __aeabi_cdrcmple                         0x08008951   Thumb Code     0  drleqf.o(x$fpl$drleqf)
    _drcmple                                 0x08008951   Thumb Code   108  drleqf.o(x$fpl$drleqf)
    __aeabi_drsub                            0x080089bd   Thumb Code     0  daddsub_clz.o(x$fpl$drsb)
    _drsb                                    0x080089bd   Thumb Code    22  daddsub_clz.o(x$fpl$drsb)
    __aeabi_dsub                             0x080089d5   Thumb Code     0  daddsub_clz.o(x$fpl$dsub)
    _dsub                                    0x080089d5   Thumb Code   464  daddsub_clz.o(x$fpl$dsub)
    _fp_init                                 0x08008ba9   Thumb Code    10  fpinit.o(x$fpl$fpinit)
    __fplib_config_fpu_vfp                   0x08008bb1   Thumb Code     0  fpinit.o(x$fpl$fpinit)
    __fplib_config_pureend_doubles           0x08008bb1   Thumb Code     0  fpinit.o(x$fpl$fpinit)
    __I$use$fp                               0x08008bb2   Number         0  usenofp.o(x$fpl$usenofp)
    asc2_1206                                0x08008bb2   Data        1140  lcd.o(.constdata)
    asc2_1608                                0x08009026   Data        1520  lcd.o(.constdata)
    asc2_2412                                0x08009616   Data        3420  lcd.o(.constdata)
    ov7670_init_reg_tbl                      0x0800a372   Data         130  ov7725.o(.constdata)
    Region$$Table$$Base                      0x0800a540   Number         0  anon$$obj.o(Region$$Table)
    Region$$Table$$Limit                     0x0800a560   Number         0  anon$$obj.o(Region$$Table)
    frame                                    0x20000000   Data           2  stm32f4xx_it.o(.data)
    ov_sta                                   0x20000002   Data           1  stm32f4xx_it.o(.data)
    POINT_COLOR                              0x20000004   Data           2  lcd.o(.data)
    BACK_COLOR                               0x20000006   Data           2  lcd.o(.data)
    set_zone9_i                              0x20000010   Data           1  timer.o(.data)
    set_zone9_j                              0x20000011   Data           1  timer.o(.data)
    set_zone8_i                              0x20000012   Data           1  timer.o(.data)
    set_zone8_j                              0x20000013   Data           1  timer.o(.data)
    set_zone7_i                              0x20000014   Data           1  timer.o(.data)
    set_zone7_j                              0x20000015   Data           1  timer.o(.data)
    set_zone6_i                              0x20000016   Data           1  timer.o(.data)
    set_zone6_j                              0x20000017   Data           1  timer.o(.data)
    set_zone5_i                              0x20000018   Data           1  timer.o(.data)
    set_zone5_j                              0x20000019   Data           1  timer.o(.data)
    set_zone4_i                              0x2000001a   Data           1  timer.o(.data)
    set_zone4_j                              0x2000001b   Data           1  timer.o(.data)
    set_zone3_i                              0x2000001c   Data           1  timer.o(.data)
    set_zone3_j                              0x2000001d   Data           1  timer.o(.data)
    set_zone2_i                              0x2000001e   Data           1  timer.o(.data)
    set_zone2_j                              0x2000001f   Data           1  timer.o(.data)
    set_zone1_i                              0x20000020   Data           1  timer.o(.data)
    set_zone1_j                              0x20000021   Data           1  timer.o(.data)
    function                                 0x20000022   Data           1  timer.o(.data)
    ball_i                                   0x20000024   Data           2  timer.o(.data)
    ball_j                                   0x20000026   Data           2  timer.o(.data)
    enter2_suc                               0x20000028   Data           1  timer.o(.data)
    enter6_suc                               0x20000029   Data           1  timer.o(.data)
    abc                                      0x2000002a   Data           1  timer.o(.data)
    set_zonef_i                              0x2000002b   Data           1  timer.o(.data)
    set_zonef_j                              0x2000002c   Data           1  timer.o(.data)
    set_zones_i                              0x2000002d   Data           1  timer.o(.data)
    set_zones_j                              0x2000002e   Data           1  timer.o(.data)
    set_zonet_i                              0x2000002f   Data           1  timer.o(.data)
    set_zonet_j                              0x20000030   Data           1  timer.o(.data)
    select_zone                              0x20000031   Data           1  timer.o(.data)
    fun7_count                               0x20000032   Data           1  timer.o(.data)
    theta                                    0x20000038   Data           8  timer.o(.data)
    all_success                              0x20000040   Data           1  timer.o(.data)
    en_success                               0x20000041   Data           1  timer.o(.data)
    fun_7_temp                               0x20000042   Data           2  timer.o(.data)
    two_finish                               0x20000044   Data           1  motion.o(.data)
    __stdout                                 0x20000050   Data           4  usart.o(.data)
    USART_RX_STA                             0x20000054   Data           2  usart.o(.data)
    lcddev                                   0x20000068   Data          14  lcd.o(.bss)
    set_zone_i                               0x20000076   Data           9  timer.o(.bss)
    set_zone_j                               0x2000007f   Data           9  timer.o(.bss)
    pid1                                     0x20000088   Data          48  pid.o(.bss)
    pid2                                     0x200000b8   Data          48  pid.o(.bss)
    USART_RX_BUF                             0x200000e8   Data         200  usart.o(.bss)
    __libspace_start                         0x200001b0   Data          96  libspace.o(.bss)
    __temporary_stack_top$libspace           0x20000210   Data           0  libspace.o(.bss)



==============================================================================

Memory Map of the image

  Image Entry point : 0x08000189

  Load Region LR_IROM1 (Base: 0x08000000, Size: 0x0000a5c8, Max: 0x00100000, ABSOLUTE)

    Execution Region ER_IROM1 (Base: 0x08000000, Size: 0x0000a560, Max: 0x00100000, ABSOLUTE)

    Base Addr    Size         Type   Attr      Idx    E Section Name        Object

    0x08000000   0x00000188   Data   RO         1076    RESET               startup_stm32f40_41xxx.o
    0x08000188   0x00000008   Code   RO         2846  * !!!main             c_w.l(__main.o)
    0x08000190   0x00000034   Code   RO         3107    !!!scatter          c_w.l(__scatter.o)
    0x080001c4   0x0000001a   Code   RO         3109    !!handler_copy      c_w.l(__scatter_copy.o)
    0x080001de   0x00000002   PAD
    0x080001e0   0x0000001c   Code   RO         3111    !!handler_zi        c_w.l(__scatter_zi.o)
    0x080001fc   0x00000000   Code   RO         2843    .ARM.Collect$$_printf_percent$$00000000  c_w.l(_printf_percent.o)
    0x080001fc   0x00000006   Code   RO         2842    .ARM.Collect$$_printf_percent$$00000009  c_w.l(_printf_d.o)
    0x08000202   0x00000006   Code   RO         2841    .ARM.Collect$$_printf_percent$$0000000C  c_w.l(_printf_x.o)
    0x08000208   0x00000004   Code   RO         2907    .ARM.Collect$$_printf_percent$$00000017  c_w.l(_printf_percent_end.o)
    0x0800020c   0x00000002   Code   RO         2987    .ARM.Collect$$libinit$$00000000  c_w.l(libinit.o)
    0x0800020e   0x00000004   Code   RO         2990    .ARM.Collect$$libinit$$00000001  c_w.l(libinit2.o)
    0x08000212   0x00000000   Code   RO         2994    .ARM.Collect$$libinit$$00000008  c_w.l(libinit2.o)
    0x08000212   0x00000000   Code   RO         2996    .ARM.Collect$$libinit$$0000000A  c_w.l(libinit2.o)
    0x08000212   0x00000000   Code   RO         2998    .ARM.Collect$$libinit$$0000000C  c_w.l(libinit2.o)
    0x08000212   0x00000000   Code   RO         3001    .ARM.Collect$$libinit$$0000000F  c_w.l(libinit2.o)
    0x08000212   0x00000000   Code   RO         3003    .ARM.Collect$$libinit$$00000011  c_w.l(libinit2.o)
    0x08000212   0x00000000   Code   RO         3005    .ARM.Collect$$libinit$$00000013  c_w.l(libinit2.o)
    0x08000212   0x00000000   Code   RO         3007    .ARM.Collect$$libinit$$00000015  c_w.l(libinit2.o)
    0x08000212   0x00000000   Code   RO         3009    .ARM.Collect$$libinit$$00000017  c_w.l(libinit2.o)
    0x08000212   0x00000000   Code   RO         3011    .ARM.Collect$$libinit$$00000019  c_w.l(libinit2.o)
    0x08000212   0x00000000   Code   RO         3013    .ARM.Collect$$libinit$$0000001B  c_w.l(libinit2.o)
    0x08000212   0x00000000   Code   RO         3015    .ARM.Collect$$libinit$$0000001D  c_w.l(libinit2.o)
    0x08000212   0x00000000   Code   RO         3017    .ARM.Collect$$libinit$$0000001F  c_w.l(libinit2.o)
    0x08000212   0x00000000   Code   RO         3019    .ARM.Collect$$libinit$$00000021  c_w.l(libinit2.o)
    0x08000212   0x00000000   Code   RO         3021    .ARM.Collect$$libinit$$00000023  c_w.l(libinit2.o)
    0x08000212   0x00000000   Code   RO         3025    .ARM.Collect$$libinit$$0000002A  c_w.l(libinit2.o)
    0x08000212   0x00000000   Code   RO         3027    .ARM.Collect$$libinit$$0000002C  c_w.l(libinit2.o)
    0x08000212   0x00000000   Code   RO         3029    .ARM.Collect$$libinit$$0000002E  c_w.l(libinit2.o)
    0x08000212   0x00000000   Code   RO         3031    .ARM.Collect$$libinit$$00000030  c_w.l(libinit2.o)
    0x08000212   0x00000002   Code   RO         3032    .ARM.Collect$$libinit$$00000031  c_w.l(libinit2.o)
    0x08000214   0x00000002   Code   RO         3050    .ARM.Collect$$libshutdown$$00000000  c_w.l(libshutdown.o)
    0x08000216   0x00000000   Code   RO         3061    .ARM.Collect$$libshutdown$$00000003  c_w.l(libshutdown2.o)
    0x08000216   0x00000000   Code   RO         3064    .ARM.Collect$$libshutdown$$00000006  c_w.l(libshutdown2.o)
    0x08000216   0x00000000   Code   RO         3067    .ARM.Collect$$libshutdown$$00000009  c_w.l(libshutdown2.o)
    0x08000216   0x00000000   Code   RO         3069    .ARM.Collect$$libshutdown$$0000000B  c_w.l(libshutdown2.o)
    0x08000216   0x00000000   Code   RO         3072    .ARM.Collect$$libshutdown$$0000000E  c_w.l(libshutdown2.o)
    0x08000216   0x00000002   Code   RO         3073    .ARM.Collect$$libshutdown$$0000000F  c_w.l(libshutdown2.o)
    0x08000218   0x00000000   Code   RO         2900    .ARM.Collect$$rtentry$$00000000  c_w.l(rtentry.o)
    0x08000218   0x00000000   Code   RO         2936    .ARM.Collect$$rtentry$$00000002  c_w.l(rtentry2.o)
    0x08000218   0x00000006   Code   RO         2948    .ARM.Collect$$rtentry$$00000004  c_w.l(rtentry4.o)
    0x0800021e   0x00000000   Code   RO         2938    .ARM.Collect$$rtentry$$00000009  c_w.l(rtentry2.o)
    0x0800021e   0x00000004   Code   RO         2939    .ARM.Collect$$rtentry$$0000000A  c_w.l(rtentry2.o)
    0x08000222   0x00000000   Code   RO         2941    .ARM.Collect$$rtentry$$0000000C  c_w.l(rtentry2.o)
    0x08000222   0x00000008   Code   RO         2942    .ARM.Collect$$rtentry$$0000000D  c_w.l(rtentry2.o)
    0x0800022a   0x00000002   Code   RO         2988    .ARM.Collect$$rtexit$$00000000  c_w.l(rtexit.o)
    0x0800022c   0x00000000   Code   RO         3034    .ARM.Collect$$rtexit$$00000002  c_w.l(rtexit2.o)
    0x0800022c   0x00000004   Code   RO         3035    .ARM.Collect$$rtexit$$00000003  c_w.l(rtexit2.o)
    0x08000230   0x00000006   Code   RO         3036    .ARM.Collect$$rtexit$$00000004  c_w.l(rtexit2.o)
    0x08000236   0x00000002   PAD
    0x08000238   0x00000040   Code   RO         1077    .text               startup_stm32f40_41xxx.o
    0x08000278   0x00000002   Code   RO         2790    .text               c_w.l(use_no_semi_2.o)
    0x0800027a   0x00000002   PAD
    0x0800027c   0x00000018   Code   RO         2794    .text               c_w.l(noretval__2printf.o)
    0x08000294   0x00000068   Code   RO         2796    .text               c_w.l(__printf.o)
    0x080002fc   0x00000074   Code   RO         2798    .text               c_w.l(_printf_dec.o)
    0x08000370   0x00000058   Code   RO         2803    .text               c_w.l(_printf_hex_int.o)
    0x080003c8   0x00000006   Code   RO         2844    .text               c_w.l(heapauxi.o)
    0x080003ce   0x00000002   Code   RO         2898    .text               c_w.l(use_no_semi.o)
    0x080003d0   0x00000016   Code   RO         2901    .text               c_w.l(_rserrno.o)
    0x080003e6   0x000000b2   Code   RO         2903    .text               c_w.l(_printf_intcommon.o)
    0x08000498   0x00000024   Code   RO         2905    .text               c_w.l(_printf_char_file.o)
    0x080004bc   0x00000008   Code   RO         2953    .text               c_w.l(rt_errno_addr_intlibspace.o)
    0x080004c4   0x00000030   Code   RO         2955    .text               c_w.l(_printf_char_common.o)
    0x080004f4   0x00000008   Code   RO         2957    .text               c_w.l(ferror.o)
    0x080004fc   0x00000008   Code   RO         2973    .text               c_w.l(libspace.o)
    0x08000504   0x0000004a   Code   RO         2976    .text               c_w.l(sys_stackheap_outer.o)
    0x0800054e   0x0000000c   Code   RO         2980    .text               c_w.l(exit.o)
    0x0800055a   0x00000004   Code   RO          188    i.BusFault_Handler  stm32f4xx_it.o
    0x0800055e   0x00000002   Code   RO          189    i.DebugMon_Handler  stm32f4xx_it.o
    0x08000560   0x0000004e   Code   RO          689    i.EXTI8_Init        ov7725.o
    0x080005ae   0x00000002   PAD
    0x080005b0   0x00000054   Code   RO          190    i.EXTI9_5_IRQHandler  stm32f4xx_it.o
    0x08000604   0x0000000c   Code   RO         2673    i.EXTI_ClearITPendingBit  stm32f4xx_exti.o
    0x08000610   0x00000018   Code   RO         2677    i.EXTI_GetITStatus  stm32f4xx_exti.o
    0x08000628   0x00000094   Code   RO         2678    i.EXTI_Init         stm32f4xx_exti.o
    0x080006bc   0x00000034   Code   RO         1370    i.FSMC_NORSRAMCmd   stm32f4xx_fsmc.o
    0x080006f0   0x000000e6   Code   RO         1372    i.FSMC_NORSRAMInit  stm32f4xx_fsmc.o
    0x080007d6   0x00000090   Code   RO         1491    i.GPIO_Init         stm32f4xx_gpio.o
    0x08000866   0x00000046   Code   RO         1492    i.GPIO_PinAFConfig  stm32f4xx_gpio.o
    0x080008ac   0x00000012   Code   RO         1495    i.GPIO_ReadInputDataBit  stm32f4xx_gpio.o
    0x080008be   0x00000004   Code   RO         1499    i.GPIO_SetBits      stm32f4xx_gpio.o
    0x080008c2   0x00000004   Code   RO          191    i.HardFault_Handler  stm32f4xx_it.o
    0x080008c6   0x00000002   PAD
    0x080008c8   0x00000088   Code   RO          569    i.KEY_Init          key.o
    0x08000950   0x000001d8   Code   RO          570    i.KEY_Scan          key.o
    0x08000b28   0x0000006c   Code   RO          352    i.LCD_Clear         lcd.o
    0x08000b94   0x000001c0   Code   RO          356    i.LCD_Display_Dir   lcd.o
    0x08000d54   0x00000180   Code   RO          361    i.LCD_Fast_DrawPoint  lcd.o
    0x08000ed4   0x000000b8   Code   RO          362    i.LCD_Fill          lcd.o
    0x08000f8c   0x00003970   Code   RO          363    i.LCD_Init          lcd.o
    0x080048fc   0x00000016   Code   RO          364    i.LCD_Pow           lcd.o
    0x08004912   0x00000002   PAD
    0x08004914   0x00000014   Code   RO          365    i.LCD_RD_DATA       lcd.o
    0x08004928   0x00000016   Code   RO          367    i.LCD_ReadReg       lcd.o
    0x0800493e   0x00000002   PAD
    0x08004940   0x00000060   Code   RO          368    i.LCD_SSD_BackLightSet  lcd.o
    0x080049a0   0x000002ec   Code   RO          369    i.LCD_Scan_Dir      lcd.o
    0x08004c8c   0x000001a8   Code   RO          370    i.LCD_SetCursor     lcd.o
    0x08004e34   0x00000128   Code   RO          372    i.LCD_ShowChar      lcd.o
    0x08004f5c   0x00000066   Code   RO          374    i.LCD_ShowString    lcd.o
    0x08004fc2   0x000000be   Code   RO          375    i.LCD_ShowxNum      lcd.o
    0x08005080   0x00000018   Code   RO          376    i.LCD_WR_DATA       lcd.o
    0x08005098   0x00000018   Code   RO          377    i.LCD_WR_REG        lcd.o
    0x080050b0   0x00000014   Code   RO          379    i.LCD_WriteRAM_Prepare  lcd.o
    0x080050c4   0x00000014   Code   RO          380    i.LCD_WriteReg      lcd.o
    0x080050d8   0x00000040   Code   RO          331    i.LED_Init          led.o
    0x08005118   0x00000004   Code   RO          192    i.MemManage_Handler  stm32f4xx_it.o
    0x0800511c   0x00000002   Code   RO          193    i.NMI_Handler       stm32f4xx_it.o
    0x0800511e   0x00000002   PAD
    0x08005120   0x00000078   Code   RO         1083    i.NVIC_Init         misc.o
    0x08005198   0x00000014   Code   RO         1084    i.NVIC_PriorityGroupConfig  misc.o
    0x080051ac   0x0000013c   Code   RO          693    i.OV7725_Init       ov7725.o
    0x080052e8   0x0000016a   Code   RO          696    i.OV7725_Window_Set  ov7725.o
    0x08005452   0x00000002   Code   RO          194    i.PendSV_Handler    stm32f4xx_it.o
    0x08005454   0x00000020   Code   RO         1588    i.RCC_AHB1PeriphClockCmd  stm32f4xx_rcc.o
    0x08005474   0x00000020   Code   RO         1594    i.RCC_AHB3PeriphClockCmd  stm32f4xx_rcc.o
    0x08005494   0x00000020   Code   RO         1597    i.RCC_APB1PeriphClockCmd  stm32f4xx_rcc.o
    0x080054b4   0x00000020   Code   RO         1600    i.RCC_APB2PeriphClockCmd  stm32f4xx_rcc.o
    0x080054d4   0x000000e8   Code   RO         1609    i.RCC_GetClocksFreq  stm32f4xx_rcc.o
    0x080055bc   0x00000054   Code   RO          757    i.SCCB_Init         sccb.o
    0x08005610   0x00000040   Code   RO          758    i.SCCB_No_Ack       sccb.o
    0x08005650   0x00000070   Code   RO          759    i.SCCB_RD_Byte      sccb.o
    0x080056c0   0x0000004e   Code   RO          760    i.SCCB_RD_Reg       sccb.o
    0x0800570e   0x00000002   PAD
    0x08005710   0x00000034   Code   RO          761    i.SCCB_Start        sccb.o
    0x08005744   0x00000034   Code   RO          762    i.SCCB_Stop         sccb.o
    0x08005778   0x000000a8   Code   RO          763    i.SCCB_WR_Byte      sccb.o
    0x08005820   0x0000003e   Code   RO          764    i.SCCB_WR_Reg       sccb.o
    0x0800585e   0x00000002   Code   RO          195    i.SVC_Handler       stm32f4xx_it.o
    0x08005860   0x00000040   Code   RO         2737    i.SYSCFG_EXTILineConfig  stm32f4xx_syscfg.o
    0x080058a0   0x000000ec   Code   RO          294    i.SetSysClock       system_stm32f4xx.o
    0x0800598c   0x00000028   Code   RO         1087    i.SysTick_CLKSourceConfig  misc.o
    0x080059b4   0x00000002   Code   RO          196    i.SysTick_Handler   stm32f4xx_it.o
    0x080059b6   0x00000002   PAD
    0x080059b8   0x00000068   Code   RO          296    i.SystemInit        system_stm32f4xx.o
    0x08005a20   0x000000a0   Code   RO          819    i.TIM13_PWM_Init    pwm.o
    0x08005ac0   0x000000a0   Code   RO          820    i.TIM14_PWM_Init    pwm.o
    0x08005b60   0x00000b7c   Code   RO          616    i.TIM3_IRQHandler   timer.o
    0x080066dc   0x0000005c   Code   RO          617    i.TIM3_Int_Init     timer.o
    0x08006738   0x00000018   Code   RO         1926    i.TIM_ARRPreloadConfig  stm32f4xx_tim.o
    0x08006750   0x00000006   Code   RO         1933    i.TIM_ClearITPendingBit  stm32f4xx_tim.o
    0x08006756   0x00000018   Code   RO         1938    i.TIM_Cmd           stm32f4xx_tim.o
    0x0800676e   0x00000022   Code   RO         1959    i.TIM_GetITStatus   stm32f4xx_tim.o
    0x08006790   0x00000012   Code   RO         1963    i.TIM_ITConfig      stm32f4xx_tim.o
    0x080067a2   0x00000002   PAD
    0x080067a4   0x0000007c   Code   RO         1967    i.TIM_OC1Init       stm32f4xx_tim.o
    0x08006820   0x00000012   Code   RO         1970    i.TIM_OC1PreloadConfig  stm32f4xx_tim.o
    0x08006832   0x00000004   Code   RO         2000    i.TIM_SetCompare1   stm32f4xx_tim.o
    0x08006836   0x00000002   PAD
    0x08006838   0x00000084   Code   RO         2010    i.TIM_TimeBaseInit  stm32f4xx_tim.o
    0x080068bc   0x00000088   Code   RO         1027    i.USART1_IRQHandler  usart.o
    0x08006944   0x00000018   Code   RO         2488    i.USART_Cmd         stm32f4xx_usart.o
    0x0800695c   0x00000054   Code   RO         2492    i.USART_GetITStatus  stm32f4xx_usart.o
    0x080069b0   0x0000004a   Code   RO         2494    i.USART_ITConfig    stm32f4xx_usart.o
    0x080069fa   0x00000002   PAD
    0x080069fc   0x000000d4   Code   RO         2495    i.USART_Init        stm32f4xx_usart.o
    0x08006ad0   0x0000000a   Code   RO         2502    i.USART_ReceiveData  stm32f4xx_usart.o
    0x08006ada   0x00000004   Code   RO          197    i.UsageFault_Handler  stm32f4xx_it.o
    0x08006ade   0x00000030   Code   RO         2969    i.__ARM_fpclassify  m_wm.l(fpclassify.o)
    0x08006b0e   0x00000002   PAD
    0x08006b10   0x000000d8   Code   RO         2874    i.__hardfp_cos      m_wm.l(cos.o)
    0x08006be8   0x000000d8   Code   RO         2886    i.__hardfp_sin      m_wm.l(sin.o)
    0x08006cc0   0x00000438   Code   RO         2924    i.__ieee754_rem_pio2  m_wm.l(rred.o)
    0x080070f8   0x00000170   Code   RO         2921    i.__kernel_cos      m_wm.l(cos_i.o)
    0x08007268   0x000000f8   Code   RO         2971    i.__kernel_poly     m_wm.l(poly.o)
    0x08007360   0x00000130   Code   RO         2929    i.__kernel_sin      m_wm.l(sin_i.o)
    0x08007490   0x00000020   Code   RO         2961    i.__mathlib_dbl_underflow  m_wm.l(dunder.o)
    0x080074b0   0x00000004   Code   RO         1028    i._sys_exit         usart.o
    0x080074b4   0x000001bc   Code   RO            3    i.camera_refresh    main.o
    0x08007670   0x0000003c   Code   RO          969    i.delay_init        delay.o
    0x080076ac   0x00000038   Code   RO          970    i.delay_ms          delay.o
    0x080076e4   0x0000004c   Code   RO          971    i.delay_us          delay.o
    0x08007730   0x0000004c   Code   RO          972    i.delay_xms         delay.o
    0x0800777c   0x00000028   Code   RO          904    i.err_return1       pid.o
    0x080077a4   0x00000028   Code   RO          905    i.err_return2       pid.o
    0x080077cc   0x00000018   Code   RO         2965    i.fabs              m_wm.l(fabs.o)
    0x080077e4   0x0000001c   Code   RO         1029    i.fputc             usart.o
    0x08007800   0x00000024   Code   RO          845    i.i_de              motion.o
    0x08007824   0x00000024   Code   RO          846    i.i_in              motion.o
    0x08007848   0x00000024   Code   RO          847    i.j_de              motion.o
    0x0800786c   0x00000024   Code   RO          848    i.j_in              motion.o
    0x08007890   0x000003ac   Code   RO            4    i.main              main.o
    0x08007c3c   0x0000006c   Code   RO          906    i.pid1_init         pid.o
    0x08007ca8   0x00000014   Code   RO          907    i.pid1_set_f1       pid.o
    0x08007cbc   0x0000006c   Code   RO          908    i.pid2_init         pid.o
    0x08007d28   0x00000014   Code   RO          909    i.pid2_set_f1       pid.o
    0x08007d3c   0x00000098   Code   RO          910    i.pid_position      pid.o
    0x08007dd4   0x00000088   Code   RO          911    i.pid_position2     pid.o
    0x08007e5c   0x00000088   Code   RO          849    i.set_point         motion.o
    0x08007ee4   0x0000009c   Code   RO          850    i.set_point_func1   motion.o
    0x08007f80   0x000000f8   Code   RO          851    i.set_point_function2_4  motion.o
    0x08008078   0x00000078   Code   RO          618    i.setzone_init      timer.o
    0x080080f0   0x000000ac   Code   RO         1030    i.uart_init         usart.o
    0x0800819c   0x00000018   Code   RO         2908    x$fpl$basic         fz_wm.l(basic.o)
    0x080081b4   0x00000150   Code   RO         2848    x$fpl$dadd          fz_wm.l(daddsub_clz.o)
    0x08008304   0x00000018   Code   RO         2910    x$fpl$dcmpinf       fz_wm.l(dcmpi.o)
    0x0800831c   0x000002b0   Code   RO         2913    x$fpl$ddiv          fz_wm.l(ddiv.o)
    0x080085cc   0x0000005e   Code   RO         2854    x$fpl$dfix          fz_wm.l(dfix.o)
    0x0800862a   0x00000002   PAD
    0x0800862c   0x0000005a   Code   RO         2858    x$fpl$dfixu         fz_wm.l(dfixu.o)
    0x08008686   0x0000002e   Code   RO         2863    x$fpl$dflt          fz_wm.l(dflt_clz.o)
    0x080086b4   0x00000026   Code   RO         2862    x$fpl$dfltu         fz_wm.l(dflt_clz.o)
    0x080086da   0x00000002   PAD
    0x080086dc   0x00000078   Code   RO         2868    x$fpl$dleqf         fz_wm.l(dleqf.o)
    0x08008754   0x00000154   Code   RO         2870    x$fpl$dmul          fz_wm.l(dmul.o)
    0x080088a8   0x0000009c   Code   RO         2916    x$fpl$dnaninf       fz_wm.l(dnaninf.o)
    0x08008944   0x0000000c   Code   RO         2918    x$fpl$dretinf       fz_wm.l(dretinf.o)
    0x08008950   0x0000006c   Code   RO         2872    x$fpl$drleqf        fz_wm.l(drleqf.o)
    0x080089bc   0x00000016   Code   RO         2849    x$fpl$drsb          fz_wm.l(daddsub_clz.o)
    0x080089d2   0x00000002   PAD
    0x080089d4   0x000001d4   Code   RO         2850    x$fpl$dsub          fz_wm.l(daddsub_clz.o)
    0x08008ba8   0x0000000a   Code   RO         3042    x$fpl$fpinit        fz_wm.l(fpinit.o)
    0x08008bb2   0x00000000   Code   RO         2920    x$fpl$usenofp       fz_wm.l(usenofp.o)
    0x08008bb2   0x000017c0   Data   RO          383    .constdata          lcd.o
    0x0800a372   0x00000082   Data   RO          697    .constdata          ov7725.o
    0x0800a3f4   0x00000028   Data   RO         2804    .constdata          c_w.l(_printf_hex_int.o)
    0x0800a41c   0x00000004   PAD
    0x0800a420   0x00000030   Data   RO         2922    .constdata          m_wm.l(cos_i.o)
    0x0800a450   0x000000c8   Data   RO         2926    .constdata          m_wm.l(rred.o)
    0x0800a518   0x00000028   Data   RO         2930    .constdata          m_wm.l(sin_i.o)
    0x0800a540   0x00000020   Data   RO         3105    Region$$Table       anon$$obj.o


    Execution Region RW_IRAM1 (Base: 0x20000000, Size: 0x00000810, Max: 0x00020000, ABSOLUTE)

    Base Addr    Size         Type   Attr      Idx    E Section Name        Object

    0x20000000   0x00000003   Data   RW          198    .data               stm32f4xx_it.o
    0x20000003   0x00000001   PAD
    0x20000004   0x00000004   Data   RW          384    .data               lcd.o
    0x20000008   0x00000001   Data   RW          571    .data               key.o
    0x20000009   0x00000007   PAD
    0x20000010   0x00000034   Data   RW          620    .data               timer.o
    0x20000044   0x00000008   Data   RW          852    .data               motion.o
    0x2000004c   0x00000004   Data   RW          973    .data               delay.o
    0x20000050   0x00000006   Data   RW         1032    .data               usart.o
    0x20000056   0x00000010   Data   RW         1641    .data               stm32f4xx_rcc.o
    0x20000066   0x00000002   PAD
    0x20000068   0x0000000e   Zero   RW          382    .bss                lcd.o
    0x20000076   0x00000012   Zero   RW          619    .bss                timer.o
    0x20000088   0x00000060   Zero   RW          912    .bss                pid.o
    0x200000e8   0x000000c8   Zero   RW         1031    .bss                usart.o
    0x200001b0   0x00000060   Zero   RW         2974    .bss                c_w.l(libspace.o)
    0x20000210   0x00000200   Zero   RW         1075    HEAP                startup_stm32f40_41xxx.o
    0x20000410   0x00000400   Zero   RW         1074    STACK               startup_stm32f40_41xxx.o


==============================================================================

Image component sizes


      Code (inc. data)   RO Data    RW Data    ZI Data      Debug   Object Name

       268         16          0          4          0       2507   delay.o
       608         30          0          1          0       1462   key.o
     17836        212       6080          4         14      23467   lcd.o
        64          4          0          0          0        539   led.o
      1384        160          0          0          0     294040   main.o
       180         24          0          0          0       2097   misc.o
       684         40          0          8          0       5251   motion.o
       756         48        130          0          0       4961   ov7725.o
       624         40          0          0         96       5287   pid.o
       320         16          0          0          0       1546   pwm.o
       672         60          0          0          0       4741   sccb.o
        64         26        392          0       1536        836   startup_stm32f40_41xxx.o
       184         16          0          0          0       2100   stm32f4xx_exti.o
       282          6          0          0          0       1837   stm32f4xx_fsmc.o
       236          0          0          0          0       2966   stm32f4xx_gpio.o
       110         20          0          3          0     232378   stm32f4xx_it.o
       360         42          0         16          0       5252   stm32f4xx_rcc.o
        64          4          0          0          0        660   stm32f4xx_syscfg.o
       384         38          0          0          0       6180   stm32f4xx_tim.o
       404          8          0          0          0       4234   stm32f4xx_usart.o
       340         32          0          0          0       1489   system_stm32f4xx.o
      3152        320          0         52         18       4899   timer.o
       340         28          0          6        200       4280   usart.o

    ----------------------------------------------------------------------
     29336       1190       6634        104       1864     613009   Object Totals
         0          0         32          0          0          0   (incl. Generated)
        20          0          0         10          0          0   (incl. Padding)

    ----------------------------------------------------------------------

      Code (inc. data)   RO Data    RW Data    ZI Data      Debug   Library Member Name

         8          0          0          0          0         68   __main.o
       104          0          0          0          0         84   __printf.o
        52          8          0          0          0          0   __scatter.o
        26          0          0          0          0          0   __scatter_copy.o
        28          0          0          0          0          0   __scatter_zi.o
        48          6          0          0          0         96   _printf_char_common.o
        36          4          0          0          0         80   _printf_char_file.o
         6          0          0          0          0          0   _printf_d.o
       116         16          0          0          0         92   _printf_dec.o
        88          4         40          0          0         88   _printf_hex_int.o
       178          0          0          0          0         88   _printf_intcommon.o
         0          0          0          0          0          0   _printf_percent.o
         4          0          0          0          0          0   _printf_percent_end.o
         6          0          0          0          0          0   _printf_x.o
        22          0          0          0          0        100   _rserrno.o
        12          0          0          0          0         72   exit.o
         8          0          0          0          0         68   ferror.o
         6          0          0          0          0        152   heapauxi.o
         2          0          0          0          0          0   libinit.o
         6          0          0          0          0          0   libinit2.o
         2          0          0          0          0          0   libshutdown.o
         2          0          0          0          0          0   libshutdown2.o
         8          4          0          0         96         68   libspace.o
        24          4          0          0          0         84   noretval__2printf.o
         8          4          0          0          0         68   rt_errno_addr_intlibspace.o
         0          0          0          0          0          0   rtentry.o
        12          0          0          0          0          0   rtentry2.o
         6          0          0          0          0          0   rtentry4.o
         2          0          0          0          0          0   rtexit.o
        10          0          0          0          0          0   rtexit2.o
        74          0          0          0          0         80   sys_stackheap_outer.o
         2          0          0          0          0         68   use_no_semi.o
         2          0          0          0          0         68   use_no_semi_2.o
        24          0          0          0          0        164   basic.o
       826         16          0          0          0        492   daddsub_clz.o
        24          0          0          0          0        116   dcmpi.o
       688        140          0          0          0        256   ddiv.o
        94          4          0          0          0        140   dfix.o
        90          4          0          0          0        140   dfixu.o
        84          0          0          0          0        232   dflt_clz.o
       120          4          0          0          0        140   dleqf.o
       340         12          0          0          0        152   dmul.o
       156          4          0          0          0        140   dnaninf.o
        12          0          0          0          0        116   dretinf.o
       108          0          0          0          0        128   drleqf.o
        10          0          0          0          0        116   fpinit.o
         0          0          0          0          0          0   usenofp.o
       216         16          0          0          0        152   cos.o
       368         46         48          0          0        200   cos_i.o
        32          8          0          0          0        124   dunder.o
        24          0          0          0          0        124   fabs.o
        48          0          0          0          0        124   fpclassify.o
       248          0          0          0          0        152   poly.o
      1080        142        200          0          0        188   rred.o
       216         16          0          0          0        152   sin.o
       304         24         40          0          0        208   sin_i.o

    ----------------------------------------------------------------------
      6034        486        332          0         96       5180   Library Totals
        14          0          4          0          0          0   (incl. Padding)

    ----------------------------------------------------------------------

      Code (inc. data)   RO Data    RW Data    ZI Data      Debug   Library Name

       908         50         40          0         96       1424   c_w.l
      2576        184          0          0          0       2332   fz_wm.l
      2536        252        288          0          0       1424   m_wm.l

    ----------------------------------------------------------------------
      6034        486        332          0         96       5180   Library Totals

    ----------------------------------------------------------------------

==============================================================================


      Code (inc. data)   RO Data    RW Data    ZI Data      Debug   

     35370       1676       6966        104       1960     605613   Grand Totals
     35370       1676       6966        104       1960     605613   ELF Image Totals
     35370       1676       6966        104          0          0   ROM Totals

==============================================================================

    Total RO  Size (Code + RO Data)                42336 (  41.34kB)
    Total RW  Size (RW Data + ZI Data)              2064 (   2.02kB)
    Total ROM Size (Code + RO Data + RW Data)      42440 (  41.45kB)

==============================================================================

