<html>
<body>
<pre>
<h1>µVision Build Log</h1>
<h2>Tool Versions:</h2>
IDE-Version: ¶ÃVision V5.14.2
Copyright (C) 2015 ARM Ltd and ARM Germany GmbH. All rights reserved.
License Information: Cortex-M4, liz, LIC=2TTGK-ZGGAG-9XPUW-QAL4Q-TU5X3-RS4MH
 
Tool Versions:
Toolchain:       MDK-ARM Professional  Version: 5.11.0.0
Toolchain Path:  F:\keil5\ARM\ARMCC\Bin
C Compiler:      Armcc.exe V5.04 update 1 (build 49)
Assembler:       Armasm.exe V5.04 update 1 (build 49)
Linker/Locator:  ArmLink.exe V5.04 update 1 (build 49)
Library Manager: ArmAr.exe V5.04 update 1 (build 49)
Hex Converter:   FromElf.exe V5.04 update 1 (build 49)
CPU DLL:         SARMCM3.DLL V5.11.0.0
Dialog DLL:      DCM.DLL V1.11.0.0
Target DLL:      Segger\JL2CM3.dll V2.97.0.0
Dialog DLL:      TCM.DLL V1.14.1.0
 
<h2>Project:</h2>
F:\0guosai\∞Â«ÚF42th\…„œÒÕ∑OV7725+ÃΩÀ˜’ﬂ\USER\OV7725.uvprojx
Project File Date:  07/24/2019

<h2>Output:</h2>
*** Using Compiler 'V5.04 update 1 (build 49)', folder: 'F:\keil5\ARM\ARMCC\Bin'
Build target 'Target 1'
compiling timer.c...
linking...
Program Size: Code=35370 RO-data=6966 RW-data=104 ZI-data=1960  
FromELF: creating hex file...
"..\OBJ\OV7670.axf" - 0 Error(s), 0 Warning(s).

<h2>Collection of Component include folders:</h2>
  F:\0guosai\∞Â«ÚF42th\…„œÒÕ∑OV7725+ÃΩÀ˜’ﬂ\USER\RTE
  F:\keil5\ARM\PACK\Keil\STM32F4xx_DFP\1.0.8\Device\Include

<h2>Collection of Component Files used:</h2>
</pre>
</body>
</html>
